<html>
<body>
<pre>
<h1>µVision Build Log</h1>
<h2>Tool Versions:</h2>
IDE-Version: µVision V5.37.0.0
Copyright (C) 2022 ARM Ltd and ARM Germany GmbH. All rights reserved.
License Information: qwer hsi, asd, LIC=4ZLZX-HE4DI-GQ20H-W575A-NQ064-4Z0S2
 
Tool Versions:
Toolchain:       MDK-ARM Professional  Version: 5.37.0.0
Toolchain Path:  C:\Keil_v5\ARM\ARMCLANG\Bin
C Compiler:      ArmClang.exe V6.18
Assembler:       Armasm.exe V6.18
Linker/Locator:  ArmLink.exe V6.18
Library Manager: ArmAr.exe V6.18
Hex Converter:   FromElf.exe V6.18
CPU DLL:         SARMCM3.DLL V5.37.0.0
Dialog DLL:      DCM.DLL V1.17.5.0
Target DLL:      UL2CM3.DLL V1.164.7.0
Dialog DLL:      TCM.DLL V1.56.1.0
 
<h2>Project:</h2>
D:\sbu\4011\microprocessor lab\6\1\keil\main.uvprojx
Project File Date:  12/07/2022

<h2>Output:</h2>
*** Using Compiler 'V6.18', folder: 'C:\Keil_v5\ARM\ARMCLANG\Bin'
Build target 'Target 1'
main.c(15): warning: implicit conversion loses integer precision: 'unsigned int' to 'unsigned char' [-Wimplicit-int-conversion]
LCD_data(i+'0');
~~~~~~~~ ~^~~~
main.c(19): warning: implicit conversion loses integer precision: 'unsigned int' to 'unsigned char' [-Wimplicit-int-conversion]
if (i<10) { LCD_data(i+'0');
            ~~~~~~~~ ~^~~~
main.c(27): warning: implicit conversion loses integer precision: 'unsigned int' to 'unsigned char' [-Wimplicit-int-conversion]
LCD_data('0'+(j));
~~~~~~~~ ~~~^~~~
main.c(13): warning: mixing declarations and code is a C99 extension [-Wdeclaration-after-statement]
volatile uint32_t input=GPIOB->IDR;
                  ^
main.c(63): warning: implicit conversion changes signedness: 'int' to 'unsigned int' [-Wsign-conversion]
    GPIOB->ODR &= ~(1<<6)  ;                         /* RS = 0, R/W = 0 */
               ~~ ^~~~~~~
main.c(64): warning: implicit conversion changes signedness: 'int' to 'unsigned int' [-Wsign-conversion]
          GPIOB->ODR &= ~(1<<5)  ;
                     ~~ ^~~~~~~
main.c(70): warning: implicit conversion changes signedness: 'int' to 'unsigned int' [-Wsign-conversion]
    GPIOB->ODR &= ~(1<<7);                             /* clear EN */
               ~~ ^~~~~~~
main.c(79): warning: // comments are not allowed in this language [-Wcomment]
                //LCD_ready();
                ^
main.c(81): warning: implicit conversion changes signedness: 'int' to 'unsigned int' [-Wsign-conversion]
    GPIOB->ODR &= ~(1<<6)  ;                    /* R/W = 0 */
               ~~ ^~~~~~~
main.c(86): warning: implicit conversion changes signedness: 'int' to 'unsigned int' [-Wsign-conversion]
    GPIOB->ODR &= ~(1<<7);                   /* clear EN */
               ~~ ^~~~~~~
main.c(92): warning: unused variable 'j' [-Wunused-variable]
                int j;
                    ^
11 warnings generated.
compiling main.c...
linking...
Program Size: Code=1040 RO-data=420 RW-data=0 ZI-data=1632  
FromELF: creating hex file...
".\Objects\main.axf" - 0 Error(s), 11 Warning(s).

<h2>Software Packages used:</h2>

Package Vendor: ARM
                http://www.keil.com/pack/ARM.CMSIS.5.9.0.pack
                ARM.CMSIS.5.9.0
                CMSIS (Common Microcontroller Software Interface Standard)
   * Component: CORE Version: 5.6.0

Package Vendor: Keil
                http://www.keil.com/pack/Keil.STM32F4xx_DFP.2.16.0.pack
                Keil.STM32F4xx_DFP.2.16.0
                STMicroelectronics STM32F4 Series Device Support, Drivers and Examples
   * Component: Startup Version: 2.6.3

<h2>Collection of Component include folders:</h2>
  ./RTE/_Target_1
  C:/Users/smrh1/AppData/Local/Arm/Packs/ARM/CMSIS/5.9.0/CMSIS/Core/Include
  C:/Users/smrh1/AppData/Local/Arm/Packs/Keil/STM32F4xx_DFP/2.16.0/Drivers/CMSIS/Device/ST/STM32F4xx/Include

<h2>Collection of Component Files used:</h2>

   * Component: ARM::CMSIS:CORE:5.6.0

   * Component: Keil::Device:Startup:2.6.3
      Include file:  Drivers/CMSIS/Device/ST/STM32F4xx/Include/stm32f4xx.h
      Source file:   Drivers/CMSIS/Device/ST/STM32F4xx/Source/Templates/arm/startup_stm32f401xe.s
      Source file:   MDK/Device/Source/ARM/STM32F4xx_OTP.s
      Source file:   MDK/Device/Source/ARM/STM32F401xx_OPT.s
      Source file:   Drivers/CMSIS/Device/ST/STM32F4xx/Source/Templates/system_stm32f4xx.c
Build Time Elapsed:  00:00:01
</pre>
</body>
</html>
