Component: Arm Compiler for Embedded 6.18 Tool: armlink [5e4cc100]

==============================================================================

Section Cross References

    startup_stm32f401xe.o(STACK) refers (Special) to heapauxi.o(.text) for __use_two_region_memory
    startup_stm32f401xe.o(HEAP) refers (Special) to heapauxi.o(.text) for __use_two_region_memory
    startup_stm32f401xe.o(RESET) refers (Special) to heapauxi.o(.text) for __use_two_region_memory
    startup_stm32f401xe.o(RESET) refers to startup_stm32f401xe.o(STACK) for __initial_sp
    startup_stm32f401xe.o(RESET) refers to startup_stm32f401xe.o(.text) for Reset_Handler
    startup_stm32f401xe.o(RESET) refers to stm32f4xx_it.o(.text.NMI_Handler) for NMI_Handler
    startup_stm32f401xe.o(RESET) refers to stm32f4xx_it.o(.text.HardFault_Handler) for HardFault_Handler
    startup_stm32f401xe.o(RESET) refers to stm32f4xx_it.o(.text.MemManage_Handler) for MemManage_Handler
    startup_stm32f401xe.o(RESET) refers to stm32f4xx_it.o(.text.BusFault_Handler) for BusFault_Handler
    startup_stm32f401xe.o(RESET) refers to stm32f4xx_it.o(.text.UsageFault_Handler) for UsageFault_Handler
    startup_stm32f401xe.o(RESET) refers to stm32f4xx_it.o(.text.SVC_Handler) for SVC_Handler
    startup_stm32f401xe.o(RESET) refers to stm32f4xx_it.o(.text.DebugMon_Handler) for DebugMon_Handler
    startup_stm32f401xe.o(RESET) refers to stm32f4xx_it.o(.text.PendSV_Handler) for PendSV_Handler
    startup_stm32f401xe.o(RESET) refers to stm32f4xx_it.o(.text.SysTick_Handler) for SysTick_Handler
    startup_stm32f401xe.o(RESET) refers to stm32f4xx_it.o(.text.TIM3_IRQHandler) for TIM3_IRQHandler
    startup_stm32f401xe.o(.text) refers (Special) to heapauxi.o(.text) for __use_two_region_memory
    startup_stm32f401xe.o(.text) refers to system_stm32f4xx.o(.text.SystemInit) for SystemInit
    startup_stm32f401xe.o(.text) refers to __main.o(!!!main) for __main
    startup_stm32f401xe.o(.text) refers to startup_stm32f401xe.o(HEAP) for Heap_Mem
    startup_stm32f401xe.o(.text) refers to startup_stm32f401xe.o(STACK) for Stack_Mem
    main.o(.text) refers (Special) to _printf_percent.o(.ARM.Collect$$_printf_percent$$00000000) for _printf_percent
    main.o(.text) refers (Special) to _printf_pad.o(.text) for _printf_pre_padding
    main.o(.text) refers (Special) to _printf_f.o(.ARM.Collect$$_printf_percent$$00000003) for _printf_f
    main.o(.text) refers (Special) to printf1.o(x$fpl$printf1) for _printf_fp_dec
    main.o(.text.HAL_TIM_PeriodElapsedCallback) refers (Special) to _printf_percent.o(.ARM.Collect$$_printf_percent$$00000000) for _printf_percent
    main.o(.text.HAL_TIM_PeriodElapsedCallback) refers (Special) to _printf_pad.o(.text) for _printf_pre_padding
    main.o(.text.HAL_TIM_PeriodElapsedCallback) refers (Special) to _printf_f.o(.ARM.Collect$$_printf_percent$$00000003) for _printf_f
    main.o(.text.HAL_TIM_PeriodElapsedCallback) refers (Special) to printf1.o(x$fpl$printf1) for _printf_fp_dec
    main.o(.text.HAL_TIM_PeriodElapsedCallback) refers to main.o(.bss.hadc1) for hadc1
    main.o(.text.HAL_TIM_PeriodElapsedCallback) refers to stm32f4xx_hal_adc.o(.text.HAL_ADC_Start) for HAL_ADC_Start
    main.o(.text.HAL_TIM_PeriodElapsedCallback) refers to stm32f4xx_hal_adc.o(.text.HAL_ADC_PollForConversion) for HAL_ADC_PollForConversion
    main.o(.text.HAL_TIM_PeriodElapsedCallback) refers to stm32f4xx_hal_adc.o(.text.HAL_ADC_GetValue) for HAL_ADC_GetValue
    main.o(.text.HAL_TIM_PeriodElapsedCallback) refers to main.o(.bss..L_MergedGlobals) for .L_MergedGlobals
    main.o(.text.HAL_TIM_PeriodElapsedCallback) refers to f2d.o(x$fpl$f2d) for __aeabi_f2d
    main.o(.text.HAL_TIM_PeriodElapsedCallback) refers to dmul.o(x$fpl$dmul) for __aeabi_dmul
    main.o(.text.HAL_TIM_PeriodElapsedCallback) refers to d2f.o(x$fpl$d2f) for __aeabi_d2f
    main.o(.text.HAL_TIM_PeriodElapsedCallback) refers to main.o(.bss.buffer) for buffer
    main.o(.text.HAL_TIM_PeriodElapsedCallback) refers to noretval__2sprintf.o(.text) for __2sprintf
    main.o(.text.HAL_TIM_PeriodElapsedCallback) refers to strlen.o(.text) for strlen
    main.o(.text.HAL_TIM_PeriodElapsedCallback) refers to stm32f4xx_hal_uart.o(.text.HAL_UART_Transmit) for HAL_UART_Transmit
    main.o(.ARM.exidx.text.HAL_TIM_PeriodElapsedCallback) refers (Special) to _printf_percent.o(.ARM.Collect$$_printf_percent$$00000000) for _printf_percent
    main.o(.ARM.exidx.text.HAL_TIM_PeriodElapsedCallback) refers (Special) to _printf_pad.o(.text) for _printf_pre_padding
    main.o(.ARM.exidx.text.HAL_TIM_PeriodElapsedCallback) refers (Special) to _printf_f.o(.ARM.Collect$$_printf_percent$$00000003) for _printf_f
    main.o(.ARM.exidx.text.HAL_TIM_PeriodElapsedCallback) refers (Special) to printf1.o(x$fpl$printf1) for _printf_fp_dec
    main.o(.ARM.exidx.text.HAL_TIM_PeriodElapsedCallback) refers to main.o(.text.HAL_TIM_PeriodElapsedCallback) for [Anonymous Symbol]
[...]
    Removing stm32f4xx_hal_uart.o(.text.UART_DMARxAbortCallback), (42 bytes).
    Removing stm32f4xx_hal_uart.o(.ARM.exidx.text.UART_DMARxAbortCallback), (8 bytes).
    Removing stm32f4xx_hal_uart.o(.text.HAL_UART_AbortCpltCallback), (2 bytes).
    Removing stm32f4xx_hal_uart.o(.ARM.exidx.text.HAL_UART_AbortCpltCallback), (8 bytes).
    Removing stm32f4xx_hal_uart.o(.text.HAL_UART_AbortTransmit_IT), (236 bytes).
    Removing stm32f4xx_hal_uart.o(.ARM.exidx.text.HAL_UART_AbortTransmit_IT), (8 bytes).
    Removing stm32f4xx_hal_uart.o(.text.UART_DMATxOnlyAbortCallback), (16 bytes).
    Removing stm32f4xx_hal_uart.o(.ARM.exidx.text.UART_DMATxOnlyAbortCallback), (8 bytes).
    Removing stm32f4xx_hal_uart.o(.text.HAL_UART_AbortTransmitCpltCallback), (2 bytes).
    Removing stm32f4xx_hal_uart.o(.ARM.exidx.text.HAL_UART_AbortTransmitCpltCallback), (8 bytes).
    Removing stm32f4xx_hal_uart.o(.text.HAL_UART_AbortReceive_IT), (394 bytes).
    Removing stm32f4xx_hal_uart.o(.ARM.exidx.text.HAL_UART_AbortReceive_IT), (8 bytes).
    Removing stm32f4xx_hal_uart.o(.text.UART_DMARxOnlyAbortCallback), (18 bytes).
    Removing stm32f4xx_hal_uart.o(.ARM.exidx.text.UART_DMARxOnlyAbortCallback), (8 bytes).
    Removing stm32f4xx_hal_uart.o(.text.HAL_UART_AbortReceiveCpltCallback), (2 bytes).
    Removing stm32f4xx_hal_uart.o(.ARM.exidx.text.HAL_UART_AbortReceiveCpltCallback), (8 bytes).
    Removing stm32f4xx_hal_uart.o(.text.HAL_UART_IRQHandler), (1368 bytes).
    Removing stm32f4xx_hal_uart.o(.ARM.exidx.text.HAL_UART_IRQHandler), (8 bytes).
    Removing stm32f4xx_hal_uart.o(.text.UART_Receive_IT), (254 bytes).
    Removing stm32f4xx_hal_uart.o(.ARM.exidx.text.UART_Receive_IT), (8 bytes).
    Removing stm32f4xx_hal_uart.o(.text.UART_DMAAbortOnError), (12 bytes).
    Removing stm32f4xx_hal_uart.o(.ARM.exidx.text.UART_DMAAbortOnError), (8 bytes).
    Removing stm32f4xx_hal_uart.o(.text.HAL_UART_ErrorCallback), (2 bytes).
    Removing stm32f4xx_hal_uart.o(.ARM.exidx.text.HAL_UART_ErrorCallback), (8 bytes).
    Removing stm32f4xx_hal_uart.o(.text.HAL_UARTEx_RxEventCallback), (2 bytes).
    Removing stm32f4xx_hal_uart.o(.ARM.exidx.text.HAL_UARTEx_RxEventCallback), (8 bytes).
    Removing stm32f4xx_hal_uart.o(.text.HAL_UART_TxCpltCallback), (2 bytes).
    Removing stm32f4xx_hal_uart.o(.ARM.exidx.text.HAL_UART_TxCpltCallback), (8 bytes).
    Removing stm32f4xx_hal_uart.o(.text.HAL_UART_TxHalfCpltCallback), (2 bytes).
    Removing stm32f4xx_hal_uart.o(.ARM.exidx.text.HAL_UART_TxHalfCpltCallback), (8 bytes).
    Removing stm32f4xx_hal_uart.o(.text.HAL_UART_RxCpltCallback), (2 bytes).
    Removing stm32f4xx_hal_uart.o(.ARM.exidx.text.HAL_UART_RxCpltCallback), (8 bytes).
    Removing stm32f4xx_hal_uart.o(.text.HAL_UART_RxHalfCpltCallback), (2 bytes).
    Removing stm32f4xx_hal_uart.o(.ARM.exidx.text.HAL_UART_RxHalfCpltCallback), (8 bytes).
    Removing stm32f4xx_hal_uart.o(.text.HAL_LIN_SendBreak), (114 bytes).
    Removing stm32f4xx_hal_uart.o(.ARM.exidx.text.HAL_LIN_SendBreak), (8 bytes).
    Removing stm32f4xx_hal_uart.o(.text.HAL_MultiProcessor_EnterMuteMode), (114 bytes).
    Removing stm32f4xx_hal_uart.o(.ARM.exidx.text.HAL_MultiProcessor_EnterMuteMode), (8 bytes).
    Removing stm32f4xx_hal_uart.o(.text.HAL_MultiProcessor_ExitMuteMode), (114 bytes).
    Removing stm32f4xx_hal_uart.o(.ARM.exidx.text.HAL_MultiProcessor_ExitMuteMode), (8 bytes).
    Removing stm32f4xx_hal_uart.o(.text.HAL_HalfDuplex_EnableTransmitter), (44 bytes).
    Removing stm32f4xx_hal_uart.o(.ARM.exidx.text.HAL_HalfDuplex_EnableTransmitter), (8 bytes).
    Removing stm32f4xx_hal_uart.o(.text.HAL_HalfDuplex_EnableReceiver), (46 bytes).
    Removing stm32f4xx_hal_uart.o(.ARM.exidx.text.HAL_HalfDuplex_EnableReceiver), (8 bytes).
    Removing stm32f4xx_hal_uart.o(.text.HAL_UART_GetState), (14 bytes).
    Removing stm32f4xx_hal_uart.o(.ARM.exidx.text.HAL_UART_GetState), (8 bytes).
    Removing stm32f4xx_hal_uart.o(.text.HAL_UART_GetError), (4 bytes).
    Removing stm32f4xx_hal_uart.o(.ARM.exidx.text.HAL_UART_GetError), (8 bytes).
    Removing stm32f4xx_hal_uart.o(.text.UART_DMAReceiveCplt), (346 bytes).
    Removing stm32f4xx_hal_uart.o(.ARM.exidx.text.UART_DMAReceiveCplt), (8 bytes).
    Removing stm32f4xx_hal_uart.o(.text.UART_DMARxHalfCplt), (20 bytes).
    Removing stm32f4xx_hal_uart.o(.ARM.exidx.text.UART_DMARxHalfCplt), (8 bytes).
    Removing system_stm32f4xx.o(.text), (0 bytes).
    Removing system_stm32f4xx.o(.ARM.exidx.text.SystemInit), (8 bytes).
    Removing system_stm32f4xx.o(.text.SystemCoreClockUpdate), (124 bytes).
    Removing system_stm32f4xx.o(.ARM.exidx.text.SystemCoreClockUpdate), (8 bytes).

810 unused section(s) (total 47988 bytes) removed from the image.

==============================================================================

Image Symbol Table

    Local Symbols

    Symbol Name                              Value     Ov Type        Size  Object(Section)

    ../clib/angel/boardlib.s                 0x00000000   Number         0  boardinit1.o ABSOLUTE
    ../clib/angel/boardlib.s                 0x00000000   Number         0  boardinit2.o ABSOLUTE
    ../clib/angel/boardlib.s                 0x00000000   Number         0  boardinit3.o ABSOLUTE
    ../clib/angel/boardlib.s                 0x00000000   Number         0  boardshut.o ABSOLUTE
    ../clib/angel/handlers.s                 0x00000000   Number         0  __scatter_copy.o ABSOLUTE
    ../clib/angel/handlers.s                 0x00000000   Number         0  __scatter_zi.o ABSOLUTE
    ../clib/angel/kernel.s                   0x00000000   Number         0  __rtentry.o ABSOLUTE
    ../clib/angel/kernel.s                   0x00000000   Number         0  __rtentry2.o ABSOLUTE
    ../clib/angel/kernel.s                   0x00000000   Number         0  __rtentry4.o ABSOLUTE
    ../clib/angel/kernel.s                   0x00000000   Number         0  rtexit.o ABSOLUTE
    ../clib/angel/kernel.s                   0x00000000   Number         0  rtexit2.o ABSOLUTE
    ../clib/angel/rt.s                       0x00000000   Number         0  aeabi_ldiv0.o ABSOLUTE
    ../clib/angel/rt.s                       0x00000000   Number         0  aeabi_ldiv0_sigfpe.o ABSOLUTE
    ../clib/angel/rt.s                       0x00000000   Number         0  rt_div0.o ABSOLUTE
    ../clib/angel/rt.s                       0x00000000   Number         0  rt_locale.o ABSOLUTE
    ../clib/angel/rt.s                       0x00000000   Number         0  rt_locale_intlibspace.o ABSOLUTE
    ../clib/angel/rt.s                       0x00000000   Number         0  rt_raise.o ABSOLUTE
    ../clib/angel/scatter.s                  0x00000000   Number         0  __scatter.o ABSOLUTE
    ../clib/angel/startup.s                  0x00000000   Number         0  __main.o ABSOLUTE
    ../clib/angel/sys.s                      0x00000000   Number         0  libspace.o ABSOLUTE
    ../clib/angel/sys.s                      0x00000000   Number         0  sys_stackheap_outer.o ABSOLUTE
    ../clib/angel/sys.s                      0x00000000   Number         0  use_no_semi.o ABSOLUTE
    ../clib/angel/sys.s                      0x00000000   Number         0  indicate_semi.o ABSOLUTE
    ../clib/angel/sysapp.c                   0x00000000   Number         0  sys_exit.o ABSOLUTE
    ../clib/angel/sysapp.c                   0x00000000   Number         0  sys_exit_hlt.o ABSOLUTE
    ../clib/angel/sysapp.c                   0x00000000   Number         0  sys_wrch.o ABSOLUTE
    ../clib/angel/sysapp.c                   0x00000000   Number         0  sys_command.o ABSOLUTE
    ../clib/angel/sysapp.c                   0x00000000   Number         0  sys_wrch_hlt.o ABSOLUTE
    ../clib/angel/sysapp.c                   0x00000000   Number         0  sys_command_hlt.o ABSOLUTE
    ../clib/armsys.c                         0x00000000   Number         0  argv_veneer.o ABSOLUTE
    ../clib/armsys.c                         0x00000000   Number         0  argv_veneer.o ABSOLUTE
    ../clib/armsys.c                         0x00000000   Number         0  _get_argv_nomalloc.o ABSOLUTE
    ../clib/armsys.c                         0x00000000   Number         0  no_argv.o ABSOLUTE
    ../clib/bigflt.c                         0x00000000   Number         0  bigflt0.o ABSOLUTE
    ../clib/btod.s                           0x00000000   Number         0  btod.o ABSOLUTE
    ../clib/btod_accurate.c                  0x00000000   Number         0  btod_accurate.o ABSOLUTE
    ../clib/btod_accurate.c                  0x00000000   Number         0  btod_accurate_common.o ABSOLUTE
    ../clib/heapalloc.c                      0x00000000   Number         0  hrguard.o ABSOLUTE
    ../clib/heapaux.c                        0x00000000   Number         0  heapauxi.o ABSOLUTE
    ../clib/libinit.s                        0x00000000   Number         0  libinit.o ABSOLUTE
    ../clib/libinit.s                        0x00000000   Number         0  libinit2.o ABSOLUTE
    ../clib/libinit.s                        0x00000000   Number         0  libshutdown.o ABSOLUTE
    ../clib/libinit.s                        0x00000000   Number         0  libshutdown2.o ABSOLUTE
    ../clib/locale.s                         0x00000000   Number         0  lc_numeric_c.o ABSOLUTE
    ../clib/longlong.s                       0x00000000   Number         0  lludivv7m.o ABSOLUTE
    ../clib/longlong.s                       0x00000000   Number         0  lludiv10.o ABSOLUTE
    ../clib/longlong.s                       0x00000000   Number         0  llushr.o ABSOLUTE
    ../clib/memcpset.s                       0x00000000   Number         0  rt_memclr_w.o ABSOLUTE
    ../clib/memcpset.s                       0x00000000   Number         0  strcmpv7em.o ABSOLUTE
    ../clib/misc.s                           0x00000000   Number         0  printf_stubs.o ABSOLUTE
    ../clib/printf.c                         0x00000000   Number         0  __2sprintf.o ABSOLUTE
    ../clib/printf.c                         0x00000000   Number         0  noretval__2sprintf.o ABSOLUTE
    ../clib/printf.c                         0x00000000   Number         0  __printf.o ABSOLUTE
    ../clib/printf.c                         0x00000000   Number         0  _printf_pad.o ABSOLUTE
    ../clib/printf.c                         0x00000000   Number         0  __printf_flags.o ABSOLUTE
    ../clib/printf.c                         0x00000000   Number         0  __printf_ss.o ABSOLUTE
    ../clib/printf.c                         0x00000000   Number         0  __printf_flags_ss.o ABSOLUTE
    ../clib/printf.c                         0x00000000   Number         0  __printf_wp.o ABSOLUTE
    ../clib/printf.c                         0x00000000   Number         0  __printf_flags_wp.o ABSOLUTE
    ../clib/printf.c                         0x00000000   Number         0  __printf_ss_wp.o ABSOLUTE
    ../clib/printf.c                         0x00000000   Number         0  __printf_flags_ss_wp.o ABSOLUTE
    ../clib/printf.c                         0x00000000   Number         0  _printf_fp_dec.o ABSOLUTE
    ../clib/printf.c                         0x00000000   Number         0  _printf_fp_dec_accurate.o ABSOLUTE
    ../clib/printf.c                         0x00000000   Number         0  _printf_char_common.o ABSOLUTE
    ../clib/printf.c                         0x00000000   Number         0  _sputc.o ABSOLUTE
    ../clib/printf.c                         0x00000000   Number         0  _printf_fp_infnan.o ABSOLUTE
    ../clib/printf.c                         0x00000000   Number         0  __printf_nopercent.o ABSOLUTE
    ../clib/printf_percent.s                 0x00000000   Number         0  _printf_f.o ABSOLUTE
    ../clib/printf_percent.s                 0x00000000   Number         0  _printf_percent.o ABSOLUTE
    ../clib/printf_percent.s                 0x00000000   Number         0  _printf_percent_end.o ABSOLUTE
    ../clib/signal.c                         0x00000000   Number         0  defsig_fpe_outer.o ABSOLUTE
    ../clib/signal.c                         0x00000000   Number         0  defsig_fpe_formal.o ABSOLUTE
    ../clib/signal.c                         0x00000000   Number         0  defsig_exit.o ABSOLUTE
    ../clib/signal.c                         0x00000000   Number         0  defsig_fpe_inner.o ABSOLUTE
    ../clib/signal.c                         0x00000000   Number         0  __raise.o ABSOLUTE
    ../clib/signal.c                         0x00000000   Number         0  defsig_general.o ABSOLUTE
    ../clib/signal.c                         0x00000000   Number         0  defsig_rtmem_outer.o ABSOLUTE
    ../clib/signal.c                         0x00000000   Number         0  defsig_rtmem_formal.o ABSOLUTE
    ../clib/signal.c                         0x00000000   Number         0  defsig_abrt_inner.o ABSOLUTE
    ../clib/signal.c                         0x00000000   Number         0  defsig_rtred_inner.o ABSOLUTE
    ../clib/signal.c                         0x00000000   Number         0  defsig_rtmem_inner.o ABSOLUTE
    ../clib/signal.c                         0x00000000   Number         0  defsig_stak_inner.o ABSOLUTE
    ../clib/signal.c                         0x00000000   Number         0  defsig_pvfn_inner.o ABSOLUTE
    ../clib/signal.c                         0x00000000   Number         0  defsig_cppl_inner.o ABSOLUTE
    ../clib/signal.c                         0x00000000   Number         0  defsig_segv_inner.o ABSOLUTE
    ../clib/signal.c                         0x00000000   Number         0  defsig_other.o ABSOLUTE
    ../clib/signal.s                         0x00000000   Number         0  defsig.o ABSOLUTE
    ../clib/stdlib.c                         0x00000000   Number         0  exit.o ABSOLUTE
    ../clib/string.c                         0x00000000   Number         0  strlen.o ABSOLUTE
    ../fplib/d2f.s                           0x00000000   Number         0  d2f.o ABSOLUTE
    ../fplib/dmul.s                          0x00000000   Number         0  dmul.o ABSOLUTE
    ../fplib/dnaninf.s                       0x00000000   Number         0  dnaninf.o ABSOLUTE
    ../fplib/dretinf.s                       0x00000000   Number         0  dretinf.o ABSOLUTE
    ../fplib/f2d.s                           0x00000000   Number         0  f2d.o ABSOLUTE
    ../fplib/fnaninf.s                       0x00000000   Number         0  fnaninf.o ABSOLUTE
    ../fplib/fpinit.s                        0x00000000   Number         0  fpinit.o ABSOLUTE
    ../fplib/fretinf.s                       0x00000000   Number         0  fretinf.o ABSOLUTE
    ../fplib/istatus.s                       0x00000000   Number         0  istatus.o ABSOLUTE
    ../fplib/printf1.s                       0x00000000   Number         0  printf1.o ABSOLUTE
    ../fplib/usenofp.s                       0x00000000   Number         0  usenofp.o ABSOLUTE
    ../mathlib/fpclassify.c                  0x00000000   Number         0  fpclassify.o ABSOLUTE
    dc.s                                     0x00000000   Number         0  dc.o ABSOLUTE
    main.c                                   0x00000000   Number         0  main.o ABSOLUTE
    startup_stm32f401xe.s                    0x00000000   Number         0  startup_stm32f401xe.o ABSOLUTE
    stm32f4xx_hal.c                          0x00000000   Number         0  stm32f4xx_hal.o ABSOLUTE
    stm32f4xx_hal_adc.c                      0x00000000   Number         0  stm32f4xx_hal_adc.o ABSOLUTE
    stm32f4xx_hal_adc_ex.c                   0x00000000   Number         0  stm32f4xx_hal_adc_ex.o ABSOLUTE
    stm32f4xx_hal_cortex.c                   0x00000000   Number         0  stm32f4xx_hal_cortex.o ABSOLUTE
    stm32f4xx_hal_dma.c                      0x00000000   Number         0  stm32f4xx_hal_dma.o ABSOLUTE
    stm32f4xx_hal_dma_ex.c                   0x00000000   Number         0  stm32f4xx_hal_dma_ex.o ABSOLUTE
    stm32f4xx_hal_exti.c                     0x00000000   Number         0  stm32f4xx_hal_exti.o ABSOLUTE
    stm32f4xx_hal_flash.c                    0x00000000   Number         0  stm32f4xx_hal_flash.o ABSOLUTE
    stm32f4xx_hal_flash_ex.c                 0x00000000   Number         0  stm32f4xx_hal_flash_ex.o ABSOLUTE
    stm32f4xx_hal_flash_ramfunc.c            0x00000000   Number         0  stm32f4xx_hal_flash_ramfunc.o ABSOLUTE
    stm32f4xx_hal_gpio.c                     0x00000000   Number         0  stm32f4xx_hal_gpio.o ABSOLUTE
    stm32f4xx_hal_msp.c                      0x00000000   Number         0  stm32f4xx_hal_msp.o ABSOLUTE
    stm32f4xx_hal_pwr.c                      0x00000000   Number         0  stm32f4xx_hal_pwr.o ABSOLUTE
    stm32f4xx_hal_pwr_ex.c                   0x00000000   Number         0  stm32f4xx_hal_pwr_ex.o ABSOLUTE
    stm32f4xx_hal_rcc.c                      0x00000000   Number         0  stm32f4xx_hal_rcc.o ABSOLUTE
    stm32f4xx_hal_rcc_ex.c                   0x00000000   Number         0  stm32f4xx_hal_rcc_ex.o ABSOLUTE
    stm32f4xx_hal_tim.c                      0x00000000   Number         0  stm32f4xx_hal_tim.o ABSOLUTE
    stm32f4xx_hal_tim_ex.c                   0x00000000   Number         0  stm32f4xx_hal_tim_ex.o ABSOLUTE
    stm32f4xx_hal_uart.c                     0x00000000   Number         0  stm32f4xx_hal_uart.o ABSOLUTE
    stm32f4xx_it.c                           0x00000000   Number         0  stm32f4xx_it.o ABSOLUTE
    stm32f4xx_ll_adc.c                       0x00000000   Number         0  stm32f4xx_ll_adc.o ABSOLUTE
    system_stm32f4xx.c                       0x00000000   Number         0  system_stm32f4xx.o ABSOLUTE
    RESET                                    0x08000000   Section      404  startup_stm32f401xe.o(RESET)
    !!!main                                  0x08000194   Section        8  __main.o(!!!main)
    !!!scatter                               0x0800019c   Section       52  __scatter.o(!!!scatter)
    !!handler_copy                           0x080001d0   Section       26  __scatter_copy.o(!!handler_copy)
    !!handler_zi                             0x080001ec   Section       28  __scatter_zi.o(!!handler_zi)
    .ARM.Collect$$_printf_percent$$00000000  0x08000208   Section        0  _printf_percent.o(.ARM.Collect$$_printf_percent$$00000000)
    .ARM.Collect$$_printf_percent$$00000003  0x08000208   Section        6  _printf_f.o(.ARM.Collect$$_printf_percent$$00000003)
    .ARM.Collect$$_printf_percent$$00000017  0x0800020e   Section        4  _printf_percent_end.o(.ARM.Collect$$_printf_percent$$00000017)
    .ARM.Collect$$libinit$$00000000          0x08000212   Section        2  libinit.o(.ARM.Collect$$libinit$$00000000)
    .ARM.Collect$$libinit$$00000001          0x08000214   Section        4  libinit2.o(.ARM.Collect$$libinit$$00000001)
    .ARM.Collect$$libinit$$00000004          0x08000218   Section        0  libinit2.o(.ARM.Collect$$libinit$$00000004)
    .ARM.Collect$$libinit$$00000006          0x08000218   Section        0  libinit2.o(.ARM.Collect$$libinit$$00000006)
    .ARM.Collect$$libinit$$0000000C          0x08000218   Section        0  libinit2.o(.ARM.Collect$$libinit$$0000000C)
    .ARM.Collect$$libinit$$0000000E          0x08000218   Section        0  libinit2.o(.ARM.Collect$$libinit$$0000000E)
    .ARM.Collect$$libinit$$00000010          0x08000218   Section        0  libinit2.o(.ARM.Collect$$libinit$$00000010)
    .ARM.Collect$$libinit$$00000011          0x08000218   Section        6  libinit2.o(.ARM.Collect$$libinit$$00000011)
    .ARM.Collect$$libinit$$00000013          0x0800021e   Section        0  libinit2.o(.ARM.Collect$$libinit$$00000013)
    .ARM.Collect$$libinit$$00000015          0x0800021e   Section        0  libinit2.o(.ARM.Collect$$libinit$$00000015)
    .ARM.Collect$$libinit$$00000017          0x0800021e   Section        0  libinit2.o(.ARM.Collect$$libinit$$00000017)
    .ARM.Collect$$libinit$$00000018          0x0800021e   Section       10  libinit2.o(.ARM.Collect$$libinit$$00000018)
    .ARM.Collect$$libinit$$00000019          0x08000228   Section        0  libinit2.o(.ARM.Collect$$libinit$$00000019)
    .ARM.Collect$$libinit$$0000001B          0x08000228   Section        0  libinit2.o(.ARM.Collect$$libinit$$0000001B)
    .ARM.Collect$$libinit$$0000001D          0x08000228   Section        0  libinit2.o(.ARM.Collect$$libinit$$0000001D)
    .ARM.Collect$$libinit$$0000001F          0x08000228   Section        0  libinit2.o(.ARM.Collect$$libinit$$0000001F)
    .ARM.Collect$$libinit$$00000021          0x08000228   Section        0  libinit2.o(.ARM.Collect$$libinit$$00000021)
    .ARM.Collect$$libinit$$00000023          0x08000228   Section        0  libinit2.o(.ARM.Collect$$libinit$$00000023)
    .ARM.Collect$$libinit$$00000025          0x08000228   Section        0  libinit2.o(.ARM.Collect$$libinit$$00000025)
    .ARM.Collect$$libinit$$00000027          0x08000228   Section        0  libinit2.o(.ARM.Collect$$libinit$$00000027)
    .ARM.Collect$$libinit$$0000002E          0x08000228   Section        0  libinit2.o(.ARM.Collect$$libinit$$0000002E)
    .ARM.Collect$$libinit$$00000030          0x08000228   Section        0  libinit2.o(.ARM.Collect$$libinit$$00000030)
    .ARM.Collect$$libinit$$00000032          0x08000228   Section        0  libinit2.o(.ARM.Collect$$libinit$$00000032)
    .ARM.Collect$$libinit$$00000034          0x08000228   Section        0  libinit2.o(.ARM.Collect$$libinit$$00000034)
    .ARM.Collect$$libinit$$00000035          0x08000228   Section        2  libinit2.o(.ARM.Collect$$libinit$$00000035)
    .ARM.Collect$$libshutdown$$00000000      0x0800022a   Section        2  libshutdown.o(.ARM.Collect$$libshutdown$$00000000)
    .ARM.Collect$$libshutdown$$00000002      0x0800022c   Section        0  libshutdown2.o(.ARM.Collect$$libshutdown$$00000002)
    .ARM.Collect$$libshutdown$$00000004      0x0800022c   Section        0  libshutdown2.o(.ARM.Collect$$libshutdown$$00000004)
    .ARM.Collect$$libshutdown$$00000007      0x0800022c   Section        0  libshutdown2.o(.ARM.Collect$$libshutdown$$00000007)
    .ARM.Collect$$libshutdown$$0000000A      0x0800022c   Section        0  libshutdown2.o(.ARM.Collect$$libshutdown$$0000000A)
    .ARM.Collect$$libshutdown$$0000000C      0x0800022c   Section        0  libshutdown2.o(.ARM.Collect$$libshutdown$$0000000C)
    .ARM.Collect$$libshutdown$$0000000F      0x0800022c   Section        0  libshutdown2.o(.ARM.Collect$$libshutdown$$0000000F)
    .ARM.Collect$$libshutdown$$00000010      0x0800022c   Section        2  libshutdown2.o(.ARM.Collect$$libshutdown$$00000010)
    .ARM.Collect$$rtentry$$00000000          0x0800022e   Section        0  __rtentry.o(.ARM.Collect$$rtentry$$00000000)
    .ARM.Collect$$rtentry$$00000002          0x0800022e   Section        0  __rtentry2.o(.ARM.Collect$$rtentry$$00000002)
    .ARM.Collect$$rtentry$$00000004          0x0800022e   Section        6  __rtentry4.o(.ARM.Collect$$rtentry$$00000004)
    .ARM.Collect$$rtentry$$00000009          0x08000234   Section        0  __rtentry2.o(.ARM.Collect$$rtentry$$00000009)
    .ARM.Collect$$rtentry$$0000000A          0x08000234   Section        4  __rtentry2.o(.ARM.Collect$$rtentry$$0000000A)
    .ARM.Collect$$rtentry$$0000000C          0x08000238   Section        0  __rtentry2.o(.ARM.Collect$$rtentry$$0000000C)
    .ARM.Collect$$rtentry$$0000000D          0x08000238   Section        8  __rtentry2.o(.ARM.Collect$$rtentry$$0000000D)
    .ARM.Collect$$rtexit$$00000000           0x08000240   Section        2  rtexit.o(.ARM.Collect$$rtexit$$00000000)
    .ARM.Collect$$rtexit$$00000002           0x08000242   Section        0  rtexit2.o(.ARM.Collect$$rtexit$$00000002)
    .ARM.Collect$$rtexit$$00000003           0x08000242   Section        4  rtexit2.o(.ARM.Collect$$rtexit$$00000003)
    .ARM.Collect$$rtexit$$00000004           0x08000246   Section        6  rtexit2.o(.ARM.Collect$$rtexit$$00000004)
    $v0                                      0x0800024c   Number         0  startup_stm32f401xe.o(.text)
    .text                                    0x0800024c   Section       64  startup_stm32f401xe.o(.text)
    .text                                    0x0800028c   Section      240  lludivv7m.o(.text)
    .text                                    0x0800037c   Section        0  noretval__2sprintf.o(.text)
    .text                                    0x080003a4   Section        0  _printf_pad.o(.text)
    .text                                    0x080003f2   Section        0  __printf_wp.o(.text)
    .text                                    0x08000500   Section        0  strlen.o(.text)
    .text                                    0x0800053e   Section       78  rt_memclr_w.o(.text)
    .text                                    0x0800058c   Section        0  heapauxi.o(.text)
    _fp_digits                               0x08000593   Thumb Code   432  _printf_fp_dec.o(.text)
    .text                                    0x08000592   Section        0  _printf_fp_dec.o(.text)
    _printf_input_char                       0x080009b1   Thumb Code    10  _printf_char_common.o(.text)
    .text                                    0x080009b0   Section        0  _printf_char_common.o(.text)
    .text                                    0x080009e0   Section        0  _sputc.o(.text)
    .text                                    0x080009ec   Section        8  rt_locale_intlibspace.o(.text)
    .text                                    0x080009f4   Section      138  lludiv10.o(.text)
    .text                                    0x08000a80   Section        0  _printf_fp_infnan.o(.text)
    .text                                    0x08000b00   Section        0  bigflt0.o(.text)
    .text                                    0x08000be4   Section        8  libspace.o(.text)
    .text                                    0x08000bec   Section       74  sys_stackheap_outer.o(.text)
    .text                                    0x08000c36   Section        0  exit.o(.text)
    .text                                    0x08000c48   Section      124  strcmpv7em.o(.text)
    .text                                    0x08000cc4   Section        0  sys_exit.o(.text)
    .text                                    0x08000cd0   Section        2  use_no_semi.o(.text)
    .text                                    0x08000cd2   Section        0  indicate_semi.o(.text)
    [Anonymous Symbol]                       0x08000cd4   Section        0  stm32f4xx_it.o(.text.BusFault_Handler)
    [Anonymous Symbol]                       0x08000cd8   Section        0  stm32f4xx_it.o(.text.DebugMon_Handler)
    [Anonymous Symbol]                       0x08000cdc   Section        0  stm32f4xx_hal_adc.o(.text.HAL_ADC_ConfigChannel)
    [Anonymous Symbol]                       0x08000e1c   Section        0  stm32f4xx_hal_adc.o(.text.HAL_ADC_GetValue)
    [Anonymous Symbol]                       0x08000e24   Section        0  stm32f4xx_hal_adc.o(.text.HAL_ADC_Init)
    [Anonymous Symbol]                       0x08000f84   Section        0  stm32f4xx_hal_msp.o(.text.HAL_ADC_MspInit)
    [Anonymous Symbol]                       0x08000fe8   Section        0  stm32f4xx_hal_adc.o(.text.HAL_ADC_PollForConversion)
    [Anonymous Symbol]                       0x080010e4   Section        0  stm32f4xx_hal_adc.o(.text.HAL_ADC_Start)
    [Anonymous Symbol]                       0x080011f0   Section        0  stm32f4xx_hal_gpio.o(.text.HAL_GPIO_Init)
    [Anonymous Symbol]                       0x080013ac   Section        0  stm32f4xx_hal_gpio.o(.text.HAL_GPIO_WritePin)
    [Anonymous Symbol]                       0x080013b8   Section        0  stm32f4xx_hal.o(.text.HAL_GetTick)
    [Anonymous Symbol]                       0x080013c4   Section        0  stm32f4xx_hal.o(.text.HAL_IncTick)
    [Anonymous Symbol]                       0x080013e0   Section        0  stm32f4xx_hal.o(.text.HAL_Init)
    [Anonymous Symbol]                       0x08001418   Section        0  stm32f4xx_hal.o(.text.HAL_InitTick)
    [Anonymous Symbol]                       0x08001460   Section        0  stm32f4xx_hal_msp.o(.text.HAL_MspInit)
    [Anonymous Symbol]                       0x0800149c   Section        0  stm32f4xx_hal_cortex.o(.text.HAL_NVIC_EnableIRQ)
    [Anonymous Symbol]                       0x080014bc   Section        0  stm32f4xx_hal_cortex.o(.text.HAL_NVIC_SetPriority)
    [Anonymous Symbol]                       0x08001514   Section        0  stm32f4xx_hal_cortex.o(.text.HAL_NVIC_SetPriorityGrouping)
    [Anonymous Symbol]                       0x08001534   Section        0  stm32f4xx_hal_rcc.o(.text.HAL_RCC_ClockConfig)
    [Anonymous Symbol]                       0x08001694   Section        0  stm32f4xx_hal_rcc.o(.text.HAL_RCC_GetPCLK1Freq)
    [Anonymous Symbol]                       0x080016bc   Section        0  stm32f4xx_hal_rcc.o(.text.HAL_RCC_GetPCLK2Freq)
    [Anonymous Symbol]                       0x080016e4   Section        0  stm32f4xx_hal_rcc.o(.text.HAL_RCC_GetSysClockFreq)
    [Anonymous Symbol]                       0x08001750   Section        0  stm32f4xx_hal_rcc.o(.text.HAL_RCC_OscConfig)
    [Anonymous Symbol]                       0x08001ac8   Section        0  stm32f4xx_hal_cortex.o(.text.HAL_SYSTICK_Config)
    [Anonymous Symbol]                       0x08001af4   Section        0  stm32f4xx_hal_tim_ex.o(.text.HAL_TIMEx_BreakCallback)
    [Anonymous Symbol]                       0x08001af8   Section        0  stm32f4xx_hal_tim_ex.o(.text.HAL_TIMEx_CommutCallback)
    [Anonymous Symbol]                       0x08001afc   Section        0  stm32f4xx_hal_tim_ex.o(.text.HAL_TIMEx_MasterConfigSynchronization)
    [Anonymous Symbol]                       0x08001b8c   Section        0  stm32f4xx_hal_tim.o(.text.HAL_TIM_Base_Init)
    [Anonymous Symbol]                       0x08001cc8   Section        0  stm32f4xx_hal_msp.o(.text.HAL_TIM_Base_MspInit)
    [Anonymous Symbol]                       0x08001d14   Section        0  stm32f4xx_hal_tim.o(.text.HAL_TIM_Base_Start_IT)
    [Anonymous Symbol]                       0x08001d98   Section        0  stm32f4xx_hal_tim.o(.text.HAL_TIM_ConfigClockSource)
    [Anonymous Symbol]                       0x08001f34   Section        0  stm32f4xx_hal_tim.o(.text.HAL_TIM_IC_CaptureCallback)
    [Anonymous Symbol]                       0x08001f38   Section        0  stm32f4xx_hal_tim.o(.text.HAL_TIM_IRQHandler)
    [Anonymous Symbol]                       0x080020a8   Section        0  stm32f4xx_hal_tim.o(.text.HAL_TIM_OC_DelayElapsedCallback)
    [Anonymous Symbol]                       0x080020ac   Section        0  stm32f4xx_hal_tim.o(.text.HAL_TIM_PWM_PulseFinishedCallback)
    [Anonymous Symbol]                       0x080020b0   Section        0  main.o(.text.HAL_TIM_PeriodElapsedCallback)
    [Anonymous Symbol]                       0x08002154   Section        0  stm32f4xx_hal_tim.o(.text.HAL_TIM_TriggerCallback)
    [Anonymous Symbol]                       0x08002158   Section        0  stm32f4xx_hal_uart.o(.text.HAL_UART_Init)
    [Anonymous Symbol]                       0x080021b8   Section        0  stm32f4xx_hal_msp.o(.text.HAL_UART_MspInit)
    [Anonymous Symbol]                       0x08002224   Section        0  stm32f4xx_hal_uart.o(.text.HAL_UART_Transmit)
    [Anonymous Symbol]                       0x080024a4   Section        0  stm32f4xx_it.o(.text.HardFault_Handler)
    [Anonymous Symbol]                       0x080024a8   Section        0  stm32f4xx_it.o(.text.MemManage_Handler)
    [Anonymous Symbol]                       0x080024ac   Section        0  stm32f4xx_it.o(.text.NMI_Handler)
    [Anonymous Symbol]                       0x080024b0   Section        0  stm32f4xx_it.o(.text.PendSV_Handler)
    [Anonymous Symbol]                       0x080024b4   Section        0  stm32f4xx_it.o(.text.SVC_Handler)
    [Anonymous Symbol]                       0x080024b8   Section        0  stm32f4xx_it.o(.text.SysTick_Handler)
    [Anonymous Symbol]                       0x080024bc   Section        0  system_stm32f4xx.o(.text.SystemInit)
    [Anonymous Symbol]                       0x080024d0   Section        0  stm32f4xx_it.o(.text.TIM3_IRQHandler)
    UART_SetConfig                           0x080024dd   Thumb Code   226  stm32f4xx_hal_uart.o(.text.UART_SetConfig)
    [Anonymous Symbol]                       0x080024dc   Section        0  stm32f4xx_hal_uart.o(.text.UART_SetConfig)
    [Anonymous Symbol]                       0x080025c0   Section        0  stm32f4xx_it.o(.text.UsageFault_Handler)
    [Anonymous Symbol]                       0x080025c4   Section        0  main.o(.text.main)
    CL$$btod_d2e                             0x08002832   Section       62  btod.o(CL$$btod_d2e)
    CL$$btod_d2e_denorm_low                  0x08002870   Section       70  btod.o(CL$$btod_d2e_denorm_low)
    CL$$btod_d2e_norm_op1                    0x080028b6   Section       96  btod.o(CL$$btod_d2e_norm_op1)
    CL$$btod_div_common                      0x08002918   Section      824  btod.o(CL$$btod_div_common)
    CL$$btod_e2e                             0x08002c50   Section      220  btod.o(CL$$btod_e2e)
    CL$$btod_ediv                            0x08002d2c   Section       42  btod.o(CL$$btod_ediv)
    CL$$btod_emul                            0x08002d56   Section       42  btod.o(CL$$btod_emul)
    CL$$btod_mult_common                     0x08002d80   Section      580  btod.o(CL$$btod_mult_common)
    i.__ARM_fpclassify                       0x08002fc4   Section        0  fpclassify.o(i.__ARM_fpclassify)
    i._is_digit                              0x08002ff4   Section        0  __printf_wp.o(i._is_digit)
    locale$$code                             0x08003004   Section       44  lc_numeric_c.o(locale$$code)
    $v0                                      0x08003030   Number         0  d2f.o(x$fpl$d2f)
    x$fpl$d2f                                0x08003030   Section       98  d2f.o(x$fpl$d2f)
    $v0                                      0x08003094   Number         0  dmul.o(x$fpl$dmul)
    x$fpl$dmul                               0x08003094   Section      340  dmul.o(x$fpl$dmul)
    $v0                                      0x080031e8   Number         0  dnaninf.o(x$fpl$dnaninf)
    x$fpl$dnaninf                            0x080031e8   Section      156  dnaninf.o(x$fpl$dnaninf)
    $v0                                      0x08003284   Number         0  dretinf.o(x$fpl$dretinf)
    x$fpl$dretinf                            0x08003284   Section       12  dretinf.o(x$fpl$dretinf)
    $v0                                      0x08003290   Number         0  f2d.o(x$fpl$f2d)
    x$fpl$f2d                                0x08003290   Section       86  f2d.o(x$fpl$f2d)
    $v0                                      0x080032e6   Number         0  fnaninf.o(x$fpl$fnaninf)
    x$fpl$fnaninf                            0x080032e6   Section      140  fnaninf.o(x$fpl$fnaninf)
    $v0                                      0x08003372   Number         0  fpinit.o(x$fpl$fpinit)
    x$fpl$fpinit                             0x08003372   Section       26  fpinit.o(x$fpl$fpinit)
    $v0                                      0x0800338c   Number         0  fretinf.o(x$fpl$fretinf)
    x$fpl$fretinf                            0x0800338c   Section       10  fretinf.o(x$fpl$fretinf)
    $v0                                      0x08003396   Number         0  printf1.o(x$fpl$printf1)
    x$fpl$printf1                            0x08003396   Section        4  printf1.o(x$fpl$printf1)
    x$fpl$usenofp                            0x0800339a   Section        0  usenofp.o(x$fpl$usenofp)
    tenpwrs_x                                0x0800339c   Data          60  bigflt0.o(.constdata)
    .constdata                               0x0800339c   Section      148  bigflt0.o(.constdata)
    tenpwrs_i                                0x080033d8   Data          64  bigflt0.o(.constdata)
    locale$$data                             0x08003468   Section       28  lc_numeric_c.o(locale$$data)
    __lcnum_c_name                           0x0800346c   Data           2  lc_numeric_c.o(locale$$data)
    __lcnum_c_start                          0x08003474   Data           0  lc_numeric_c.o(locale$$data)
    __lcnum_c_point                          0x08003480   Data           0  lc_numeric_c.o(locale$$data)
    __lcnum_c_thousands                      0x08003482   Data           0  lc_numeric_c.o(locale$$data)
    __lcnum_c_grouping                       0x08003483   Data           0  lc_numeric_c.o(locale$$data)
    __lcnum_c_end                            0x08003484   Data           0  lc_numeric_c.o(locale$$data)
    .L_MergedGlobals                         0x20000000   Data           8  stm32f4xx_hal.o(.data..L_MergedGlobals)
    [Anonymous Symbol]                       0x20000000   Section        0  stm32f4xx_hal.o(.data..L_MergedGlobals)
    .bss                                     0x20000010   Section       96  libspace.o(.bss)
    .L_MergedGlobals                         0x20000070   Data          76  main.o(.bss..L_MergedGlobals)
    [Anonymous Symbol]                       0x20000070   Section        0  main.o(.bss..L_MergedGlobals)
    Heap_Mem                                 0x200001b8   Data         512  startup_stm32f401xe.o(HEAP)
    HEAP                                     0x200001b8   Section      512  startup_stm32f401xe.o(HEAP)
    Stack_Mem                                0x200003b8   Data        1024  startup_stm32f401xe.o(STACK)
    STACK                                    0x200003b8   Section     1024  startup_stm32f401xe.o(STACK)
    __initial_sp                             0x200007b8   Data           0  startup_stm32f401xe.o(STACK)

    Global Symbols

    Symbol Name                              Value     Ov Type        Size  Object(Section)

    BuildAttributes$$THM_ISAv4$E$P$D$K$B$S$7EM$VFPi3$EXTD16$VFPS$VFMA$PE$A:L22UL41UL21$X:L11$S22US41US21$IEEE1$IW$~IW$USESV6$~STKCKD$USESV7$~SHL$OTIME$ROPI$IEEEJ$EBA8$UX$STANDARDLIB$REQ8$PRES8$EABIv2 0x00000000   Number         0  anon$$obj.o ABSOLUTE
    _printf_flags                            0x00000000   Number         0  printf_stubs.o ABSOLUTE
    _printf_return_value                     0x00000000   Number         0  printf_stubs.o ABSOLUTE
    _printf_sizespec                         0x00000000   Number         0  printf_stubs.o ABSOLUTE
    _printf_widthprec                        0x00000000   Number         0  printf_stubs.o ABSOLUTE
    __ARM_exceptions_init                     - Undefined Weak Reference
    __alloca_initialize                       - Undefined Weak Reference
    __arm_preinit_                            - Undefined Weak Reference
    __arm_relocate_pie_                       - Undefined Weak Reference
    __cpp_initialize__aeabi_                  - Undefined Weak Reference
    __cxa_finalize                            - Undefined Weak Reference
    __sigvec_lookup                           - Undefined Weak Reference
    _atexit_init                              - Undefined Weak Reference
    _call_atexit_fns                          - Undefined Weak Reference
    _clock_init                               - Undefined Weak Reference
    _fp_trap_init                             - Undefined Weak Reference
    _fp_trap_shutdown                         - Undefined Weak Reference
    _get_lc_collate                           - Undefined Weak Reference
    _get_lc_ctype                             - Undefined Weak Reference
    _get_lc_monetary                          - Undefined Weak Reference
    _get_lc_time                              - Undefined Weak Reference
    _getenv_init                              - Undefined Weak Reference
    _handle_redirection                       - Undefined Weak Reference
    _init_alloc                               - Undefined Weak Reference
    _init_user_alloc                          - Undefined Weak Reference
    _initio                                   - Undefined Weak Reference
    _rand_init                                - Undefined Weak Reference
    _signal_finish                            - Undefined Weak Reference
    _signal_init                              - Undefined Weak Reference
    _terminate_alloc                          - Undefined Weak Reference
    _terminate_user_alloc                     - Undefined Weak Reference
    _terminateio                              - Undefined Weak Reference
    __Vectors_Size                           0x00000194   Number         0  startup_stm32f401xe.o ABSOLUTE
    __Vectors                                0x08000000   Data           4  startup_stm32f401xe.o(RESET)
    __Vectors_End                            0x08000194   Data           0  startup_stm32f401xe.o(RESET)
    __main                                   0x08000195   Thumb Code     8  __main.o(!!!main)
    __scatterload                            0x0800019d   Thumb Code     0  __scatter.o(!!!scatter)
    __scatterload_rt2                        0x0800019d   Thumb Code    44  __scatter.o(!!!scatter)
    __scatterload_rt2_thumb_only             0x0800019d   Thumb Code     0  __scatter.o(!!!scatter)
    __scatterload_null                       0x080001ab   Thumb Code     0  __scatter.o(!!!scatter)
    __scatterload_copy                       0x080001d1   Thumb Code    26  __scatter_copy.o(!!handler_copy)
    __scatterload_zeroinit                   0x080001ed   Thumb Code    28  __scatter_zi.o(!!handler_zi)
    _printf_f                                0x08000209   Thumb Code     0  _printf_f.o(.ARM.Collect$$_printf_percent$$00000003)
    _printf_percent                          0x08000209   Thumb Code     0  _printf_percent.o(.ARM.Collect$$_printf_percent$$00000000)
    _printf_percent_end                      0x0800020f   Thumb Code     0  _printf_percent_end.o(.ARM.Collect$$_printf_percent$$00000017)
    __rt_lib_init                            0x08000213   Thumb Code     0  libinit.o(.ARM.Collect$$libinit$$00000000)
    __rt_lib_init_fp_1                       0x08000215   Thumb Code     0  libinit2.o(.ARM.Collect$$libinit$$00000001)
    __rt_lib_init_heap_1                     0x08000219   Thumb Code     0  libinit2.o(.ARM.Collect$$libinit$$0000000C)
    __rt_lib_init_lc_common                  0x08000219   Thumb Code     0  libinit2.o(.ARM.Collect$$libinit$$00000011)
    __rt_lib_init_preinit_1                  0x08000219   Thumb Code     0  libinit2.o(.ARM.Collect$$libinit$$00000006)
    __rt_lib_init_rand_1                     0x08000219   Thumb Code     0  libinit2.o(.ARM.Collect$$libinit$$00000010)
    __rt_lib_init_relocate_pie_1             0x08000219   Thumb Code     0  libinit2.o(.ARM.Collect$$libinit$$00000004)
    __rt_lib_init_user_alloc_1               0x08000219   Thumb Code     0  libinit2.o(.ARM.Collect$$libinit$$0000000E)
    __rt_lib_init_lc_collate_1               0x0800021f   Thumb Code     0  libinit2.o(.ARM.Collect$$libinit$$00000013)
    __rt_lib_init_lc_ctype_1                 0x0800021f   Thumb Code     0  libinit2.o(.ARM.Collect$$libinit$$00000015)
    __rt_lib_init_lc_monetary_1              0x0800021f   Thumb Code     0  libinit2.o(.ARM.Collect$$libinit$$00000017)
    __rt_lib_init_lc_numeric_2               0x0800021f   Thumb Code     0  libinit2.o(.ARM.Collect$$libinit$$00000018)
    __rt_lib_init_alloca_1                   0x08000229   Thumb Code     0  libinit2.o(.ARM.Collect$$libinit$$00000030)
    __rt_lib_init_argv_1                     0x08000229   Thumb Code     0  libinit2.o(.ARM.Collect$$libinit$$0000002E)
    __rt_lib_init_atexit_1                   0x08000229   Thumb Code     0  libinit2.o(.ARM.Collect$$libinit$$0000001D)
    __rt_lib_init_clock_1                    0x08000229   Thumb Code     0  libinit2.o(.ARM.Collect$$libinit$$00000023)
    __rt_lib_init_cpp_1                      0x08000229   Thumb Code     0  libinit2.o(.ARM.Collect$$libinit$$00000034)
    __rt_lib_init_exceptions_1               0x08000229   Thumb Code     0  libinit2.o(.ARM.Collect$$libinit$$00000032)
    __rt_lib_init_fp_trap_1                  0x08000229   Thumb Code     0  libinit2.o(.ARM.Collect$$libinit$$00000021)
    __rt_lib_init_getenv_1                   0x08000229   Thumb Code     0  libinit2.o(.ARM.Collect$$libinit$$00000025)
    __rt_lib_init_lc_numeric_1               0x08000229   Thumb Code     0  libinit2.o(.ARM.Collect$$libinit$$00000019)
    __rt_lib_init_lc_time_1                  0x08000229   Thumb Code     0  libinit2.o(.ARM.Collect$$libinit$$0000001B)
    __rt_lib_init_return                     0x08000229   Thumb Code     0  libinit2.o(.ARM.Collect$$libinit$$00000035)
    __rt_lib_init_signal_1                   0x08000229   Thumb Code     0  libinit2.o(.ARM.Collect$$libinit$$0000001F)
    __rt_lib_init_stdio_1                    0x08000229   Thumb Code     0  libinit2.o(.ARM.Collect$$libinit$$00000027)
    __rt_lib_shutdown                        0x0800022b   Thumb Code     0  libshutdown.o(.ARM.Collect$$libshutdown$$00000000)
    __rt_lib_shutdown_cpp_1                  0x0800022d   Thumb Code     0  libshutdown2.o(.ARM.Collect$$libshutdown$$00000002)
    __rt_lib_shutdown_fp_trap_1              0x0800022d   Thumb Code     0  libshutdown2.o(.ARM.Collect$$libshutdown$$00000007)
    __rt_lib_shutdown_heap_1                 0x0800022d   Thumb Code     0  libshutdown2.o(.ARM.Collect$$libshutdown$$0000000F)
    __rt_lib_shutdown_return                 0x0800022d   Thumb Code     0  libshutdown2.o(.ARM.Collect$$libshutdown$$00000010)
    __rt_lib_shutdown_signal_1               0x0800022d   Thumb Code     0  libshutdown2.o(.ARM.Collect$$libshutdown$$0000000A)
    __rt_lib_shutdown_stdio_1                0x0800022d   Thumb Code     0  libshutdown2.o(.ARM.Collect$$libshutdown$$00000004)
    __rt_lib_shutdown_user_alloc_1           0x0800022d   Thumb Code     0  libshutdown2.o(.ARM.Collect$$libshutdown$$0000000C)
    __rt_entry                               0x0800022f   Thumb Code     0  __rtentry.o(.ARM.Collect$$rtentry$$00000000)
    __rt_entry_presh_1                       0x0800022f   Thumb Code     0  __rtentry2.o(.ARM.Collect$$rtentry$$00000002)
    __rt_entry_sh                            0x0800022f   Thumb Code     0  __rtentry4.o(.ARM.Collect$$rtentry$$00000004)
    __rt_entry_li                            0x08000235   Thumb Code     0  __rtentry2.o(.ARM.Collect$$rtentry$$0000000A)
    __rt_entry_postsh_1                      0x08000235   Thumb Code     0  __rtentry2.o(.ARM.Collect$$rtentry$$00000009)
    __rt_entry_main                          0x08000239   Thumb Code     0  __rtentry2.o(.ARM.Collect$$rtentry$$0000000D)
    __rt_entry_postli_1                      0x08000239   Thumb Code     0  __rtentry2.o(.ARM.Collect$$rtentry$$0000000C)
    __rt_exit                                0x08000241   Thumb Code     0  rtexit.o(.ARM.Collect$$rtexit$$00000000)
    __rt_exit_ls                             0x08000243   Thumb Code     0  rtexit2.o(.ARM.Collect$$rtexit$$00000003)
    __rt_exit_prels_1                        0x08000243   Thumb Code     0  rtexit2.o(.ARM.Collect$$rtexit$$00000002)
    __rt_exit_exit                           0x08000247   Thumb Code     0  rtexit2.o(.ARM.Collect$$rtexit$$00000004)
    Reset_Handler                            0x0800024d   Thumb Code     8  startup_stm32f401xe.o(.text)
    ADC_IRQHandler                           0x08000267   Thumb Code     0  startup_stm32f401xe.o(.text)
    DMA1_Stream0_IRQHandler                  0x08000267   Thumb Code     0  startup_stm32f401xe.o(.text)
    DMA1_Stream1_IRQHandler                  0x08000267   Thumb Code     0  startup_stm32f401xe.o(.text)
    DMA1_Stream2_IRQHandler                  0x08000267   Thumb Code     0  startup_stm32f401xe.o(.text)
    DMA1_Stream3_IRQHandler                  0x08000267   Thumb Code     0  startup_stm32f401xe.o(.text)
    DMA1_Stream4_IRQHandler                  0x08000267   Thumb Code     0  startup_stm32f401xe.o(.text)
    DMA1_Stream5_IRQHandler                  0x08000267   Thumb Code     0  startup_stm32f401xe.o(.text)
    DMA1_Stream6_IRQHandler                  0x08000267   Thumb Code     0  startup_stm32f401xe.o(.text)
    DMA1_Stream7_IRQHandler                  0x08000267   Thumb Code     0  startup_stm32f401xe.o(.text)
    DMA2_Stream0_IRQHandler                  0x08000267   Thumb Code     0  startup_stm32f401xe.o(.text)
    DMA2_Stream1_IRQHandler                  0x08000267   Thumb Code     0  startup_stm32f401xe.o(.text)
    DMA2_Stream2_IRQHandler                  0x08000267   Thumb Code     0  startup_stm32f401xe.o(.text)
    DMA2_Stream3_IRQHandler                  0x08000267   Thumb Code     0  startup_stm32f401xe.o(.text)
    DMA2_Stream4_IRQHandler                  0x08000267   Thumb Code     0  startup_stm32f401xe.o(.text)
    DMA2_Stream5_IRQHandler                  0x08000267   Thumb Code     0  startup_stm32f401xe.o(.text)
    DMA2_Stream6_IRQHandler                  0x08000267   Thumb Code     0  startup_stm32f401xe.o(.text)
    DMA2_Stream7_IRQHandler                  0x08000267   Thumb Code     0  startup_stm32f401xe.o(.text)
    EXTI0_IRQHandler                         0x08000267   Thumb Code     0  startup_stm32f401xe.o(.text)
    EXTI15_10_IRQHandler                     0x08000267   Thumb Code     0  startup_stm32f401xe.o(.text)
    EXTI1_IRQHandler                         0x08000267   Thumb Code     0  startup_stm32f401xe.o(.text)
    EXTI2_IRQHandler                         0x08000267   Thumb Code     0  startup_stm32f401xe.o(.text)
    EXTI3_IRQHandler                         0x08000267   Thumb Code     0  startup_stm32f401xe.o(.text)
    EXTI4_IRQHandler                         0x08000267   Thumb Code     0  startup_stm32f401xe.o(.text)
    EXTI9_5_IRQHandler                       0x08000267   Thumb Code     0  startup_stm32f401xe.o(.text)
    FLASH_IRQHandler                         0x08000267   Thumb Code     0  startup_stm32f401xe.o(.text)
    FPU_IRQHandler                           0x08000267   Thumb Code     0  startup_stm32f401xe.o(.text)
    I2C1_ER_IRQHandler                       0x08000267   Thumb Code     0  startup_stm32f401xe.o(.text)
    I2C1_EV_IRQHandler                       0x08000267   Thumb Code     0  startup_stm32f401xe.o(.text)
    I2C2_ER_IRQHandler                       0x08000267   Thumb Code     0  startup_stm32f401xe.o(.text)
    I2C2_EV_IRQHandler                       0x08000267   Thumb Code     0  startup_stm32f401xe.o(.text)
    I2C3_ER_IRQHandler                       0x08000267   Thumb Code     0  startup_stm32f401xe.o(.text)
    I2C3_EV_IRQHandler                       0x08000267   Thumb Code     0  startup_stm32f401xe.o(.text)
    OTG_FS_IRQHandler                        0x08000267   Thumb Code     0  startup_stm32f401xe.o(.text)
    OTG_FS_WKUP_IRQHandler                   0x08000267   Thumb Code     0  startup_stm32f401xe.o(.text)
    PVD_IRQHandler                           0x08000267   Thumb Code     0  startup_stm32f401xe.o(.text)
    RCC_IRQHandler                           0x08000267   Thumb Code     0  startup_stm32f401xe.o(.text)
    RTC_Alarm_IRQHandler                     0x08000267   Thumb Code     0  startup_stm32f401xe.o(.text)
    RTC_WKUP_IRQHandler                      0x08000267   Thumb Code     0  startup_stm32f401xe.o(.text)
    SDIO_IRQHandler                          0x08000267   Thumb Code     0  startup_stm32f401xe.o(.text)
    SPI1_IRQHandler                          0x08000267   Thumb Code     0  startup_stm32f401xe.o(.text)
    SPI2_IRQHandler                          0x08000267   Thumb Code     0  startup_stm32f401xe.o(.text)
    SPI3_IRQHandler                          0x08000267   Thumb Code     0  startup_stm32f401xe.o(.text)
    SPI4_IRQHandler                          0x08000267   Thumb Code     0  startup_stm32f401xe.o(.text)
    TAMP_STAMP_IRQHandler                    0x08000267   Thumb Code     0  startup_stm32f401xe.o(.text)
    TIM1_BRK_TIM9_IRQHandler                 0x08000267   Thumb Code     0  startup_stm32f401xe.o(.text)
    TIM1_CC_IRQHandler                       0x08000267   Thumb Code     0  startup_stm32f401xe.o(.text)
    TIM1_TRG_COM_TIM11_IRQHandler            0x08000267   Thumb Code     0  startup_stm32f401xe.o(.text)
    TIM1_UP_TIM10_IRQHandler                 0x08000267   Thumb Code     0  startup_stm32f401xe.o(.text)
    TIM2_IRQHandler                          0x08000267   Thumb Code     0  startup_stm32f401xe.o(.text)
    TIM4_IRQHandler                          0x08000267   Thumb Code     0  startup_stm32f401xe.o(.text)
    TIM5_IRQHandler                          0x08000267   Thumb Code     0  startup_stm32f401xe.o(.text)
    USART1_IRQHandler                        0x08000267   Thumb Code     0  startup_stm32f401xe.o(.text)
    USART2_IRQHandler                        0x08000267   Thumb Code     0  startup_stm32f401xe.o(.text)
    USART6_IRQHandler                        0x08000267   Thumb Code     0  startup_stm32f401xe.o(.text)
    WWDG_IRQHandler                          0x08000267   Thumb Code     0  startup_stm32f401xe.o(.text)
    __user_initial_stackheap                 0x08000269   Thumb Code     0  startup_stm32f401xe.o(.text)
    __aeabi_uldivmod                         0x0800028d   Thumb Code     0  lludivv7m.o(.text)
    _ll_udiv                                 0x0800028d   Thumb Code   240  lludivv7m.o(.text)
    __2sprintf                               0x0800037d   Thumb Code    34  noretval__2sprintf.o(.text)
    _printf_pre_padding                      0x080003a5   Thumb Code    44  _printf_pad.o(.text)
    _printf_post_padding                     0x080003d1   Thumb Code    34  _printf_pad.o(.text)
    __printf                                 0x080003f3   Thumb Code   270  __printf_wp.o(.text)
    strlen                                   0x08000501   Thumb Code    62  strlen.o(.text)
    __aeabi_memclr4                          0x0800053f   Thumb Code     0  rt_memclr_w.o(.text)
    __aeabi_memclr8                          0x0800053f   Thumb Code     0  rt_memclr_w.o(.text)
    __rt_memclr_w                            0x0800053f   Thumb Code     0  rt_memclr_w.o(.text)
    _memset_w                                0x08000543   Thumb Code    74  rt_memclr_w.o(.text)
    __use_two_region_memory                  0x0800058d   Thumb Code     2  heapauxi.o(.text)
    __rt_heap_escrow$2region                 0x0800058f   Thumb Code     2  heapauxi.o(.text)
    __rt_heap_expand$2region                 0x08000591   Thumb Code     2  heapauxi.o(.text)
    _printf_fp_dec_real                      0x08000743   Thumb Code   620  _printf_fp_dec.o(.text)
    _printf_char_common                      0x080009bb   Thumb Code    32  _printf_char_common.o(.text)
    _sputc                                   0x080009e1   Thumb Code    10  _sputc.o(.text)
    __rt_locale                              0x080009ed   Thumb Code     8  rt_locale_intlibspace.o(.text)
    _ll_udiv10                               0x080009f5   Thumb Code   138  lludiv10.o(.text)
    _printf_fp_infnan                        0x08000a81   Thumb Code   112  _printf_fp_infnan.o(.text)
    _btod_etento                             0x08000b01   Thumb Code   224  bigflt0.o(.text)
    __user_libspace                          0x08000be5   Thumb Code     8  libspace.o(.text)
    __user_perproc_libspace                  0x08000be5   Thumb Code     0  libspace.o(.text)
    __user_perthread_libspace                0x08000be5   Thumb Code     0  libspace.o(.text)
    __user_setup_stackheap                   0x08000bed   Thumb Code    74  sys_stackheap_outer.o(.text)
    exit                                     0x08000c37   Thumb Code    18  exit.o(.text)
    strcmp                                   0x08000c49   Thumb Code   124  strcmpv7em.o(.text)
    _sys_exit                                0x08000cc5   Thumb Code     8  sys_exit.o(.text)
    __I$use$semihosting                      0x08000cd1   Thumb Code     0  use_no_semi.o(.text)
    __use_no_semihosting_swi                 0x08000cd1   Thumb Code     2  use_no_semi.o(.text)
    __semihosting_library_function           0x08000cd3   Thumb Code     0  indicate_semi.o(.text)
    BusFault_Handler                         0x08000cd5   Thumb Code     2  stm32f4xx_it.o(.text.BusFault_Handler)
    DebugMon_Handler                         0x08000cd9   Thumb Code     2  stm32f4xx_it.o(.text.DebugMon_Handler)
    HAL_ADC_ConfigChannel                    0x08000cdd   Thumb Code   320  stm32f4xx_hal_adc.o(.text.HAL_ADC_ConfigChannel)
    HAL_ADC_GetValue                         0x08000e1d   Thumb Code     6  stm32f4xx_hal_adc.o(.text.HAL_ADC_GetValue)
    HAL_ADC_Init                             0x08000e25   Thumb Code   350  stm32f4xx_hal_adc.o(.text.HAL_ADC_Init)
    HAL_ADC_MspInit                          0x08000f85   Thumb Code   100  stm32f4xx_hal_msp.o(.text.HAL_ADC_MspInit)
    HAL_ADC_PollForConversion                0x08000fe9   Thumb Code   252  stm32f4xx_hal_adc.o(.text.HAL_ADC_PollForConversion)
    HAL_ADC_Start                            0x080010e5   Thumb Code   266  stm32f4xx_hal_adc.o(.text.HAL_ADC_Start)
    HAL_GPIO_Init                            0x080011f1   Thumb Code   442  stm32f4xx_hal_gpio.o(.text.HAL_GPIO_Init)
    HAL_GPIO_WritePin                        0x080013ad   Thumb Code    10  stm32f4xx_hal_gpio.o(.text.HAL_GPIO_WritePin)
    HAL_GetTick                              0x080013b9   Thumb Code    12  stm32f4xx_hal.o(.text.HAL_GetTick)
    HAL_IncTick                              0x080013c5   Thumb Code    26  stm32f4xx_hal.o(.text.HAL_IncTick)
    HAL_Init                                 0x080013e1   Thumb Code    54  stm32f4xx_hal.o(.text.HAL_Init)
    HAL_InitTick                             0x08001419   Thumb Code    72  stm32f4xx_hal.o(.text.HAL_InitTick)
    HAL_MspInit                              0x08001461   Thumb Code    60  stm32f4xx_hal_msp.o(.text.HAL_MspInit)
    HAL_NVIC_EnableIRQ                       0x0800149d   Thumb Code    32  stm32f4xx_hal_cortex.o(.text.HAL_NVIC_EnableIRQ)
    HAL_NVIC_SetPriority                     0x080014bd   Thumb Code    86  stm32f4xx_hal_cortex.o(.text.HAL_NVIC_SetPriority)
    HAL_NVIC_SetPriorityGrouping             0x08001515   Thumb Code    32  stm32f4xx_hal_cortex.o(.text.HAL_NVIC_SetPriorityGrouping)
    HAL_RCC_ClockConfig                      0x08001535   Thumb Code   352  stm32f4xx_hal_rcc.o(.text.HAL_RCC_ClockConfig)
    HAL_RCC_GetPCLK1Freq                     0x08001695   Thumb Code    38  stm32f4xx_hal_rcc.o(.text.HAL_RCC_GetPCLK1Freq)
    HAL_RCC_GetPCLK2Freq                     0x080016bd   Thumb Code    38  stm32f4xx_hal_rcc.o(.text.HAL_RCC_GetPCLK2Freq)
    HAL_RCC_GetSysClockFreq                  0x080016e5   Thumb Code   108  stm32f4xx_hal_rcc.o(.text.HAL_RCC_GetSysClockFreq)
    HAL_RCC_OscConfig                        0x08001751   Thumb Code   888  stm32f4xx_hal_rcc.o(.text.HAL_RCC_OscConfig)
    HAL_SYSTICK_Config                       0x08001ac9   Thumb Code    44  stm32f4xx_hal_cortex.o(.text.HAL_SYSTICK_Config)
    HAL_TIMEx_BreakCallback                  0x08001af5   Thumb Code     2  stm32f4xx_hal_tim_ex.o(.text.HAL_TIMEx_BreakCallback)
    HAL_TIMEx_CommutCallback                 0x08001af9   Thumb Code     2  stm32f4xx_hal_tim_ex.o(.text.HAL_TIMEx_CommutCallback)
    HAL_TIMEx_MasterConfigSynchronization    0x08001afd   Thumb Code   144  stm32f4xx_hal_tim_ex.o(.text.HAL_TIMEx_MasterConfigSynchronization)
    HAL_TIM_Base_Init                        0x08001b8d   Thumb Code   316  stm32f4xx_hal_tim.o(.text.HAL_TIM_Base_Init)
    HAL_TIM_Base_MspInit                     0x08001cc9   Thumb Code    74  stm32f4xx_hal_msp.o(.text.HAL_TIM_Base_MspInit)
    HAL_TIM_Base_Start_IT                    0x08001d15   Thumb Code   132  stm32f4xx_hal_tim.o(.text.HAL_TIM_Base_Start_IT)
    HAL_TIM_ConfigClockSource                0x08001d99   Thumb Code   412  stm32f4xx_hal_tim.o(.text.HAL_TIM_ConfigClockSource)
    HAL_TIM_IC_CaptureCallback               0x08001f35   Thumb Code     2  stm32f4xx_hal_tim.o(.text.HAL_TIM_IC_CaptureCallback)
    HAL_TIM_IRQHandler                       0x08001f39   Thumb Code   368  stm32f4xx_hal_tim.o(.text.HAL_TIM_IRQHandler)
    HAL_TIM_OC_DelayElapsedCallback          0x080020a9   Thumb Code     2  stm32f4xx_hal_tim.o(.text.HAL_TIM_OC_DelayElapsedCallback)
    HAL_TIM_PWM_PulseFinishedCallback        0x080020ad   Thumb Code     2  stm32f4xx_hal_tim.o(.text.HAL_TIM_PWM_PulseFinishedCallback)
    HAL_TIM_PeriodElapsedCallback            0x080020b1   Thumb Code   144  main.o(.text.HAL_TIM_PeriodElapsedCallback)
    HAL_TIM_TriggerCallback                  0x08002155   Thumb Code     2  stm32f4xx_hal_tim.o(.text.HAL_TIM_TriggerCallback)
    HAL_UART_Init                            0x08002159   Thumb Code    94  stm32f4xx_hal_uart.o(.text.HAL_UART_Init)
    HAL_UART_MspInit                         0x080021b9   Thumb Code   106  stm32f4xx_hal_msp.o(.text.HAL_UART_MspInit)
    HAL_UART_Transmit                        0x08002225   Thumb Code   638  stm32f4xx_hal_uart.o(.text.HAL_UART_Transmit)
    HardFault_Handler                        0x080024a5   Thumb Code     2  stm32f4xx_it.o(.text.HardFault_Handler)
    MemManage_Handler                        0x080024a9   Thumb Code     2  stm32f4xx_it.o(.text.MemManage_Handler)
    NMI_Handler                              0x080024ad   Thumb Code     2  stm32f4xx_it.o(.text.NMI_Handler)
    PendSV_Handler                           0x080024b1   Thumb Code     2  stm32f4xx_it.o(.text.PendSV_Handler)
    SVC_Handler                              0x080024b5   Thumb Code     2  stm32f4xx_it.o(.text.SVC_Handler)
    SysTick_Handler                          0x080024b9   Thumb Code     4  stm32f4xx_it.o(.text.SysTick_Handler)
    SystemInit                               0x080024bd   Thumb Code    18  system_stm32f4xx.o(.text.SystemInit)
    TIM3_IRQHandler                          0x080024d1   Thumb Code    12  stm32f4xx_it.o(.text.TIM3_IRQHandler)
    UsageFault_Handler                       0x080025c1   Thumb Code     2  stm32f4xx_it.o(.text.UsageFault_Handler)
    main                                     0x080025c5   Thumb Code   622  main.o(.text.main)
    _btod_d2e                                0x08002833   Thumb Code    62  btod.o(CL$$btod_d2e)
    _d2e_denorm_low                          0x08002871   Thumb Code    70  btod.o(CL$$btod_d2e_denorm_low)
    _d2e_norm_op1                            0x080028b7   Thumb Code    96  btod.o(CL$$btod_d2e_norm_op1)
    __btod_div_common                        0x08002919   Thumb Code   696  btod.o(CL$$btod_div_common)
    _e2e                                     0x08002c51   Thumb Code   220  btod.o(CL$$btod_e2e)
    _btod_ediv                               0x08002d2d   Thumb Code    42  btod.o(CL$$btod_ediv)
    _btod_emul                               0x08002d57   Thumb Code    42  btod.o(CL$$btod_emul)
    __btod_mult_common                       0x08002d81   Thumb Code   580  btod.o(CL$$btod_mult_common)
    __ARM_fpclassify                         0x08002fc5   Thumb Code    48  fpclassify.o(i.__ARM_fpclassify)
    _is_digit                                0x08002ff5   Thumb Code    14  __printf_wp.o(i._is_digit)
    _get_lc_numeric                          0x08003005   Thumb Code    44  lc_numeric_c.o(locale$$code)
    __aeabi_d2f                              0x08003031   Thumb Code     0  d2f.o(x$fpl$d2f)
    _d2f                                     0x08003031   Thumb Code    98  d2f.o(x$fpl$d2f)
    __aeabi_dmul                             0x08003095   Thumb Code     0  dmul.o(x$fpl$dmul)
    _dmul                                    0x08003095   Thumb Code   332  dmul.o(x$fpl$dmul)
    __fpl_dnaninf                            0x080031e9   Thumb Code   156  dnaninf.o(x$fpl$dnaninf)
    __fpl_dretinf                            0x08003285   Thumb Code    12  dretinf.o(x$fpl$dretinf)
    __aeabi_f2d                              0x08003291   Thumb Code     0  f2d.o(x$fpl$f2d)
    _f2d                                     0x08003291   Thumb Code    86  f2d.o(x$fpl$f2d)
    __fpl_fnaninf                            0x080032e7   Thumb Code   140  fnaninf.o(x$fpl$fnaninf)
    _fp_init                                 0x08003373   Thumb Code    26  fpinit.o(x$fpl$fpinit)
    __fplib_config_fpu_vfp                   0x0800338b   Thumb Code     0  fpinit.o(x$fpl$fpinit)
    __fplib_config_pureend_doubles           0x0800338b   Thumb Code     0  fpinit.o(x$fpl$fpinit)
    __fpl_fretinf                            0x0800338d   Thumb Code    10  fretinf.o(x$fpl$fretinf)
    _printf_fp_dec                           0x08003397   Thumb Code     4  printf1.o(x$fpl$printf1)
    __I$use$fp                               0x0800339a   Number         0  usenofp.o(x$fpl$usenofp)
    AHBPrescTable                            0x08003430   Data          16  system_stm32f4xx.o(.rodata.AHBPrescTable)
    APBPrescTable                            0x08003440   Data           8  system_stm32f4xx.o(.rodata.APBPrescTable)
    Region$$Table$$Base                      0x08003448   Number         0  anon$$obj.o(Region$$Table)
    Region$$Table$$Limit                     0x08003468   Number         0  anon$$obj.o(Region$$Table)
    uwTickFreq                               0x20000000   Data           1  stm32f4xx_hal.o(.data..L_MergedGlobals)
    uwTickPrio                               0x20000004   Data           4  stm32f4xx_hal.o(.data..L_MergedGlobals)
    SystemCoreClock                          0x20000008   Data           4  system_stm32f4xx.o(.data.SystemCoreClock)
    __libspace_start                         0x20000010   Data          96  libspace.o(.bss)
    __temporary_stack_top$libspace           0x20000070   Data           0  libspace.o(.bss)
    voltage                                  0x20000070   Data           4  main.o(.bss..L_MergedGlobals)
    my_input                                 0x20000074   Data           4  main.o(.bss..L_MergedGlobals)
    huart6                                   0x20000078   Data          68  main.o(.bss..L_MergedGlobals)
    buffer                                   0x200000bc   Data         100  main.o(.bss.buffer)
    hadc1                                    0x20000120   Data          72  main.o(.bss.hadc1)
    htim3                                    0x20000168   Data          72  main.o(.bss.htim3)
    uwTick                                   0x200001b0   Data           4  stm32f4xx_hal.o(.bss.uwTick)



==============================================================================

Memory Map of the image

  Image Entry point : 0x08000195

  Load Region LR_IROM1 (Base: 0x08000000, Size: 0x00003498, Max: 0x00080000, ABSOLUTE)

    Execution Region ER_IROM1 (Exec base: 0x08000000, Load base: 0x08000000, Size: 0x00003484, Max: 0x00080000, ABSOLUTE)

    Exec Addr    Load Addr    Size         Type   Attr      Idx    E Section Name        Object

    0x08000000   0x08000000   0x00000194   Data   RO            3    RESET               startup_stm32f401xe.o
    0x08000194   0x08000194   0x00000008   Code   RO         1066  * !!!main             c_w.l(__main.o)
    0x0800019c   0x0800019c   0x00000034   Code   RO         1318    !!!scatter          c_w.l(__scatter.o)
    0x080001d0   0x080001d0   0x0000001a   Code   RO         1320    !!handler_copy      c_w.l(__scatter_copy.o)
    0x080001ea   0x080001ea   0x00000002   PAD
    0x080001ec   0x080001ec   0x0000001c   Code   RO         1322    !!handler_zi        c_w.l(__scatter_zi.o)
    0x08000208   0x08000208   0x00000000   Code   RO         1059    .ARM.Collect$$_printf_percent$$00000000  c_w.l(_printf_percent.o)
    0x08000208   0x08000208   0x00000006   Code   RO         1058    .ARM.Collect$$_printf_percent$$00000003  c_w.l(_printf_f.o)
    0x0800020e   0x0800020e   0x00000004   Code   RO         1089    .ARM.Collect$$_printf_percent$$00000017  c_w.l(_printf_percent_end.o)
    0x08000212   0x08000212   0x00000002   Code   RO         1181    .ARM.Collect$$libinit$$00000000  c_w.l(libinit.o)
    0x08000214   0x08000214   0x00000004   Code   RO         1182    .ARM.Collect$$libinit$$00000001  c_w.l(libinit2.o)
    0x08000218   0x08000218   0x00000000   Code   RO         1185    .ARM.Collect$$libinit$$00000004  c_w.l(libinit2.o)
    0x08000218   0x08000218   0x00000000   Code   RO         1187    .ARM.Collect$$libinit$$00000006  c_w.l(libinit2.o)
    0x08000218   0x08000218   0x00000000   Code   RO         1190    .ARM.Collect$$libinit$$0000000C  c_w.l(libinit2.o)
    0x08000218   0x08000218   0x00000000   Code   RO         1192    .ARM.Collect$$libinit$$0000000E  c_w.l(libinit2.o)
    0x08000218   0x08000218   0x00000000   Code   RO         1194    .ARM.Collect$$libinit$$00000010  c_w.l(libinit2.o)
    0x08000218   0x08000218   0x00000006   Code   RO         1195    .ARM.Collect$$libinit$$00000011  c_w.l(libinit2.o)
    0x0800021e   0x0800021e   0x00000000   Code   RO         1197    .ARM.Collect$$libinit$$00000013  c_w.l(libinit2.o)
    0x0800021e   0x0800021e   0x00000000   Code   RO         1199    .ARM.Collect$$libinit$$00000015  c_w.l(libinit2.o)
    0x0800021e   0x0800021e   0x00000000   Code   RO         1201    .ARM.Collect$$libinit$$00000017  c_w.l(libinit2.o)
    0x0800021e   0x0800021e   0x0000000a   Code   RO         1202    .ARM.Collect$$libinit$$00000018  c_w.l(libinit2.o)
    0x08000228   0x08000228   0x00000000   Code   RO         1203    .ARM.Collect$$libinit$$00000019  c_w.l(libinit2.o)
    0x08000228   0x08000228   0x00000000   Code   RO         1205    .ARM.Collect$$libinit$$0000001B  c_w.l(libinit2.o)
    0x08000228   0x08000228   0x00000000   Code   RO         1207    .ARM.Collect$$libinit$$0000001D  c_w.l(libinit2.o)
    0x08000228   0x08000228   0x00000000   Code   RO         1209    .ARM.Collect$$libinit$$0000001F  c_w.l(libinit2.o)
    0x08000228   0x08000228   0x00000000   Code   RO         1211    .ARM.Collect$$libinit$$00000021  c_w.l(libinit2.o)
    0x08000228   0x08000228   0x00000000   Code   RO         1213    .ARM.Collect$$libinit$$00000023  c_w.l(libinit2.o)
    0x08000228   0x08000228   0x00000000   Code   RO         1215    .ARM.Collect$$libinit$$00000025  c_w.l(libinit2.o)
    0x08000228   0x08000228   0x00000000   Code   RO         1217    .ARM.Collect$$libinit$$00000027  c_w.l(libinit2.o)
    0x08000228   0x08000228   0x00000000   Code   RO         1221    .ARM.Collect$$libinit$$0000002E  c_w.l(libinit2.o)
    0x08000228   0x08000228   0x00000000   Code   RO         1223    .ARM.Collect$$libinit$$00000030  c_w.l(libinit2.o)
    0x08000228   0x08000228   0x00000000   Code   RO         1225    .ARM.Collect$$libinit$$00000032  c_w.l(libinit2.o)
    0x08000228   0x08000228   0x00000000   Code   RO         1227    .ARM.Collect$$libinit$$00000034  c_w.l(libinit2.o)
    0x08000228   0x08000228   0x00000002   Code   RO         1228    .ARM.Collect$$libinit$$00000035  c_w.l(libinit2.o)
    0x0800022a   0x0800022a   0x00000002   Code   RO         1283    .ARM.Collect$$libshutdown$$00000000  c_w.l(libshutdown.o)
    0x0800022c   0x0800022c   0x00000000   Code   RO         1301    .ARM.Collect$$libshutdown$$00000002  c_w.l(libshutdown2.o)
    0x0800022c   0x0800022c   0x00000000   Code   RO         1303    .ARM.Collect$$libshutdown$$00000004  c_w.l(libshutdown2.o)
    0x0800022c   0x0800022c   0x00000000   Code   RO         1306    .ARM.Collect$$libshutdown$$00000007  c_w.l(libshutdown2.o)
    0x0800022c   0x0800022c   0x00000000   Code   RO         1309    .ARM.Collect$$libshutdown$$0000000A  c_w.l(libshutdown2.o)
    0x0800022c   0x0800022c   0x00000000   Code   RO         1311    .ARM.Collect$$libshutdown$$0000000C  c_w.l(libshutdown2.o)
    0x0800022c   0x0800022c   0x00000000   Code   RO         1314    .ARM.Collect$$libshutdown$$0000000F  c_w.l(libshutdown2.o)
    0x0800022c   0x0800022c   0x00000002   Code   RO         1315    .ARM.Collect$$libshutdown$$00000010  c_w.l(libshutdown2.o)
    0x0800022e   0x0800022e   0x00000000   Code   RO         1076    .ARM.Collect$$rtentry$$00000000  c_w.l(__rtentry.o)
    0x0800022e   0x0800022e   0x00000000   Code   RO         1100    .ARM.Collect$$rtentry$$00000002  c_w.l(__rtentry2.o)
    0x0800022e   0x0800022e   0x00000006   Code   RO         1112    .ARM.Collect$$rtentry$$00000004  c_w.l(__rtentry4.o)
    0x08000234   0x08000234   0x00000000   Code   RO         1102    .ARM.Collect$$rtentry$$00000009  c_w.l(__rtentry2.o)
    0x08000234   0x08000234   0x00000004   Code   RO         1103    .ARM.Collect$$rtentry$$0000000A  c_w.l(__rtentry2.o)
    0x08000238   0x08000238   0x00000000   Code   RO         1105    .ARM.Collect$$rtentry$$0000000C  c_w.l(__rtentry2.o)
    0x08000238   0x08000238   0x00000008   Code   RO         1106    .ARM.Collect$$rtentry$$0000000D  c_w.l(__rtentry2.o)
    0x08000240   0x08000240   0x00000002   Code   RO         1229    .ARM.Collect$$rtexit$$00000000  c_w.l(rtexit.o)
    0x08000242   0x08000242   0x00000000   Code   RO         1248    .ARM.Collect$$rtexit$$00000002  c_w.l(rtexit2.o)
    0x08000242   0x08000242   0x00000004   Code   RO         1249    .ARM.Collect$$rtexit$$00000003  c_w.l(rtexit2.o)
    0x08000246   0x08000246   0x00000006   Code   RO         1250    .ARM.Collect$$rtexit$$00000004  c_w.l(rtexit2.o)
    0x0800024c   0x0800024c   0x00000040   Code   RO            4    .text               startup_stm32f401xe.o
    0x0800028c   0x0800028c   0x000000f0   Code   RO         1028    .text               c_w.l(lludivv7m.o)
    0x0800037c   0x0800037c   0x00000028   Code   RO         1032    .text               c_w.l(noretval__2sprintf.o)
    0x080003a4   0x080003a4   0x0000004e   Code   RO         1036    .text               c_w.l(_printf_pad.o)
    0x080003f2   0x080003f2   0x0000010e   Code   RO         1046    .text               c_w.l(__printf_wp.o)
    0x08000500   0x08000500   0x0000003e   Code   RO         1060    .text               c_w.l(strlen.o)
    0x0800053e   0x0800053e   0x0000004e   Code   RO         1062    .text               c_w.l(rt_memclr_w.o)
    0x0800058c   0x0800058c   0x00000006   Code   RO         1064    .text               c_w.l(heapauxi.o)
    0x08000592   0x08000592   0x0000041c   Code   RO         1081    .text               c_w.l(_printf_fp_dec.o)
    0x080009ae   0x080009ae   0x00000002   PAD
    0x080009b0   0x080009b0   0x00000030   Code   RO         1085    .text               c_w.l(_printf_char_common.o)
    0x080009e0   0x080009e0   0x0000000a   Code   RO         1087    .text               c_w.l(_sputc.o)
    0x080009ea   0x080009ea   0x00000002   PAD
    0x080009ec   0x080009ec   0x00000008   Code   RO         1119    .text               c_w.l(rt_locale_intlibspace.o)
    0x080009f4   0x080009f4   0x0000008a   Code   RO         1121    .text               c_w.l(lludiv10.o)
    0x08000a7e   0x08000a7e   0x00000002   PAD
    0x08000a80   0x08000a80   0x00000080   Code   RO         1123    .text               c_w.l(_printf_fp_infnan.o)
    0x08000b00   0x08000b00   0x000000e4   Code   RO         1127    .text               c_w.l(bigflt0.o)
    0x08000be4   0x08000be4   0x00000008   Code   RO         1161    .text               c_w.l(libspace.o)
    0x08000bec   0x08000bec   0x0000004a   Code   RO         1164    .text               c_w.l(sys_stackheap_outer.o)
    0x08000c36   0x08000c36   0x00000012   Code   RO         1168    .text               c_w.l(exit.o)
    0x08000c48   0x08000c48   0x0000007c   Code   RO         1174    .text               c_w.l(strcmpv7em.o)
    0x08000cc4   0x08000cc4   0x0000000c   Code   RO         1243    .text               c_w.l(sys_exit.o)
    0x08000cd0   0x08000cd0   0x00000002   Code   RO         1270    .text               c_w.l(use_no_semi.o)
    0x08000cd2   0x08000cd2   0x00000000   Code   RO         1272    .text               c_w.l(indicate_semi.o)
    0x08000cd2   0x08000cd2   0x00000002   PAD
    0x08000cd4   0x08000cd4   0x00000002   Code   RO           38    .text.BusFault_Handler  stm32f4xx_it.o
    0x08000cd6   0x08000cd6   0x00000002   PAD
    0x08000cd8   0x08000cd8   0x00000002   Code   RO           44    .text.DebugMon_Handler  stm32f4xx_it.o
    0x08000cda   0x08000cda   0x00000002   PAD
    0x08000cdc   0x08000cdc   0x00000140   Code   RO          123    .text.HAL_ADC_ConfigChannel  stm32f4xx_hal_adc.o
    0x08000e1c   0x08000e1c   0x00000006   Code   RO          119    .text.HAL_ADC_GetValue  stm32f4xx_hal_adc.o
    0x08000e22   0x08000e22   0x00000002   PAD
    0x08000e24   0x08000e24   0x0000015e   Code   RO           81    .text.HAL_ADC_Init  stm32f4xx_hal_adc.o
    0x08000f82   0x08000f82   0x00000002   PAD
    0x08000f84   0x08000f84   0x00000064   Code   RO           61    .text.HAL_ADC_MspInit  stm32f4xx_hal_msp.o
    0x08000fe8   0x08000fe8   0x000000fc   Code   RO           93    .text.HAL_ADC_PollForConversion  stm32f4xx_hal_adc.o
    0x080010e4   0x080010e4   0x0000010a   Code   RO           89    .text.HAL_ADC_Start  stm32f4xx_hal_adc.o
    0x080011ee   0x080011ee   0x00000002   PAD
    0x080011f0   0x080011f0   0x000001ba   Code   RO          296    .text.HAL_GPIO_Init  stm32f4xx_hal_gpio.o
    0x080013aa   0x080013aa   0x00000002   PAD
    0x080013ac   0x080013ac   0x0000000a   Code   RO          302    .text.HAL_GPIO_WritePin  stm32f4xx_hal_gpio.o
    0x080013b6   0x080013b6   0x00000002   PAD
    0x080013b8   0x080013b8   0x0000000c   Code   RO          495    .text.HAL_GetTick   stm32f4xx_hal.o
    0x080013c4   0x080013c4   0x0000001a   Code   RO          493    .text.HAL_IncTick   stm32f4xx_hal.o
    0x080013de   0x080013de   0x00000002   PAD
    0x080013e0   0x080013e0   0x00000036   Code   RO          483    .text.HAL_Init      stm32f4xx_hal.o
    0x08001416   0x08001416   0x00000002   PAD
    0x08001418   0x08001418   0x00000048   Code   RO          485    .text.HAL_InitTick  stm32f4xx_hal.o
    0x08001460   0x08001460   0x0000003c   Code   RO           59    .text.HAL_MspInit   stm32f4xx_hal_msp.o
    0x0800149c   0x0800149c   0x00000020   Code   RO          441    .text.HAL_NVIC_EnableIRQ  stm32f4xx_hal_cortex.o
    0x080014bc   0x080014bc   0x00000056   Code   RO          439    .text.HAL_NVIC_SetPriority  stm32f4xx_hal_cortex.o
    0x08001512   0x08001512   0x00000002   PAD
    0x08001514   0x08001514   0x00000020   Code   RO          437    .text.HAL_NVIC_SetPriorityGrouping  stm32f4xx_hal_cortex.o
    0x08001534   0x08001534   0x00000160   Code   RO          182    .text.HAL_RCC_ClockConfig  stm32f4xx_hal_rcc.o
    0x08001694   0x08001694   0x00000026   Code   RO          194    .text.HAL_RCC_GetPCLK1Freq  stm32f4xx_hal_rcc.o
    0x080016ba   0x080016ba   0x00000002   PAD
    0x080016bc   0x080016bc   0x00000026   Code   RO          196    .text.HAL_RCC_GetPCLK2Freq  stm32f4xx_hal_rcc.o
    0x080016e2   0x080016e2   0x00000002   PAD
    0x080016e4   0x080016e4   0x0000006c   Code   RO          184    .text.HAL_RCC_GetSysClockFreq  stm32f4xx_hal_rcc.o
    0x08001750   0x08001750   0x00000378   Code   RO          180    .text.HAL_RCC_OscConfig  stm32f4xx_hal_rcc.o
    0x08001ac8   0x08001ac8   0x0000002c   Code   RO          449    .text.HAL_SYSTICK_Config  stm32f4xx_hal_cortex.o
    0x08001af4   0x08001af4   0x00000002   Code   RO          878    .text.HAL_TIMEx_BreakCallback  stm32f4xx_hal_tim_ex.o
    0x08001af6   0x08001af6   0x00000002   PAD
    0x08001af8   0x08001af8   0x00000002   Code   RO          874    .text.HAL_TIMEx_CommutCallback  stm32f4xx_hal_tim_ex.o
    0x08001afa   0x08001afa   0x00000002   PAD
    0x08001afc   0x08001afc   0x00000090   Code   RO          868    .text.HAL_TIMEx_MasterConfigSynchronization  stm32f4xx_hal_tim_ex.o
    0x08001b8c   0x08001b8c   0x0000013c   Code   RO          573    .text.HAL_TIM_Base_Init  stm32f4xx_hal_tim.o
    0x08001cc8   0x08001cc8   0x0000004a   Code   RO           65    .text.HAL_TIM_Base_MspInit  stm32f4xx_hal_msp.o
    0x08001d12   0x08001d12   0x00000002   PAD
    0x08001d14   0x08001d14   0x00000084   Code   RO          587    .text.HAL_TIM_Base_Start_IT  stm32f4xx_hal_tim.o
    0x08001d98   0x08001d98   0x0000019c   Code   RO          753    .text.HAL_TIM_ConfigClockSource  stm32f4xx_hal_tim.o
    0x08001f34   0x08001f34   0x00000002   Code   RO          709    .text.HAL_TIM_IC_CaptureCallback  stm32f4xx_hal_tim.o
    0x08001f36   0x08001f36   0x00000002   PAD
    0x08001f38   0x08001f38   0x00000170   Code   RO          707    .text.HAL_TIM_IRQHandler  stm32f4xx_hal_tim.o
    0x080020a8   0x080020a8   0x00000002   Code   RO          711    .text.HAL_TIM_OC_DelayElapsedCallback  stm32f4xx_hal_tim.o
    0x080020aa   0x080020aa   0x00000002   PAD
    0x080020ac   0x080020ac   0x00000002   Code   RO          713    .text.HAL_TIM_PWM_PulseFinishedCallback  stm32f4xx_hal_tim.o
    0x080020ae   0x080020ae   0x00000002   PAD
    0x080020b0   0x080020b0   0x000000a4   Code   RO           11    .text.HAL_TIM_PeriodElapsedCallback  main.o
    0x08002154   0x08002154   0x00000002   Code   RO          717    .text.HAL_TIM_TriggerCallback  stm32f4xx_hal_tim.o
    0x08002156   0x08002156   0x00000002   PAD
    0x08002158   0x08002158   0x0000005e   Code   RO          892    .text.HAL_UART_Init  stm32f4xx_hal_uart.o
    0x080021b6   0x080021b6   0x00000002   PAD
    0x080021b8   0x080021b8   0x0000006a   Code   RO           69    .text.HAL_UART_MspInit  stm32f4xx_hal_msp.o
    0x08002222   0x08002222   0x00000002   PAD
    0x08002224   0x08002224   0x0000027e   Code   RO          908    .text.HAL_UART_Transmit  stm32f4xx_hal_uart.o
    0x080024a2   0x080024a2   0x00000002   PAD
    0x080024a4   0x080024a4   0x00000002   Code   RO           34    .text.HardFault_Handler  stm32f4xx_it.o
    0x080024a6   0x080024a6   0x00000002   PAD
    0x080024a8   0x080024a8   0x00000002   Code   RO           36    .text.MemManage_Handler  stm32f4xx_it.o
    0x080024aa   0x080024aa   0x00000002   PAD
    0x080024ac   0x080024ac   0x00000002   Code   RO           32    .text.NMI_Handler   stm32f4xx_it.o
    0x080024ae   0x080024ae   0x00000002   PAD
    0x080024b0   0x080024b0   0x00000002   Code   RO           46    .text.PendSV_Handler  stm32f4xx_it.o
    0x080024b2   0x080024b2   0x00000002   PAD
    0x080024b4   0x080024b4   0x00000002   Code   RO           42    .text.SVC_Handler   stm32f4xx_it.o
    0x080024b6   0x080024b6   0x00000002   PAD
    0x080024b8   0x080024b8   0x00000004   Code   RO           48    .text.SysTick_Handler  stm32f4xx_it.o
    0x080024bc   0x080024bc   0x00000012   Code   RO         1012    .text.SystemInit    system_stm32f4xx.o
    0x080024ce   0x080024ce   0x00000002   PAD
    0x080024d0   0x080024d0   0x0000000c   Code   RO           50    .text.TIM3_IRQHandler  stm32f4xx_it.o
    0x080024dc   0x080024dc   0x000000e2   Code   RO          896    .text.UART_SetConfig  stm32f4xx_hal_uart.o
    0x080025be   0x080025be   0x00000002   PAD
    0x080025c0   0x080025c0   0x00000002   Code   RO           40    .text.UsageFault_Handler  stm32f4xx_it.o
    0x080025c2   0x080025c2   0x00000002   PAD
    0x080025c4   0x080025c4   0x0000026e   Code   RO           13    .text.main          main.o
    0x08002832   0x08002832   0x0000003e   Code   RO         1130    CL$$btod_d2e        c_w.l(btod.o)
    0x08002870   0x08002870   0x00000046   Code   RO         1132    CL$$btod_d2e_denorm_low  c_w.l(btod.o)
    0x080028b6   0x080028b6   0x00000060   Code   RO         1131    CL$$btod_d2e_norm_op1  c_w.l(btod.o)
    0x08002916   0x08002916   0x00000002   PAD
    0x08002918   0x08002918   0x00000338   Code   RO         1140    CL$$btod_div_common  c_w.l(btod.o)
    0x08002c50   0x08002c50   0x000000dc   Code   RO         1137    CL$$btod_e2e        c_w.l(btod.o)
    0x08002d2c   0x08002d2c   0x0000002a   Code   RO         1134    CL$$btod_ediv       c_w.l(btod.o)
    0x08002d56   0x08002d56   0x0000002a   Code   RO         1133    CL$$btod_emul       c_w.l(btod.o)
    0x08002d80   0x08002d80   0x00000244   Code   RO         1139    CL$$btod_mult_common  c_w.l(btod.o)
    0x08002fc4   0x08002fc4   0x00000030   Code   RO         1159    i.__ARM_fpclassify  m_wm.l(fpclassify.o)
    0x08002ff4   0x08002ff4   0x0000000e   Code   RO         1048    i._is_digit         c_w.l(__printf_wp.o)
    0x08003002   0x08003002   0x00000002   PAD
    0x08003004   0x08003004   0x0000002c   Code   RO         1155    locale$$code        c_w.l(lc_numeric_c.o)
    0x08003030   0x08003030   0x00000062   Code   RO         1068    x$fpl$d2f           fz_wm.l(d2f.o)
    0x08003092   0x08003092   0x00000002   PAD
    0x08003094   0x08003094   0x00000154   Code   RO         1070    x$fpl$dmul          fz_wm.l(dmul.o)
    0x080031e8   0x080031e8   0x0000009c   Code   RO         1090    x$fpl$dnaninf       fz_wm.l(dnaninf.o)
    0x08003284   0x08003284   0x0000000c   Code   RO         1092    x$fpl$dretinf       fz_wm.l(dretinf.o)
    0x08003290   0x08003290   0x00000056   Code   RO         1072    x$fpl$f2d           fz_wm.l(f2d.o)
    0x080032e6   0x080032e6   0x0000008c   Code   RO         1094    x$fpl$fnaninf       fz_wm.l(fnaninf.o)
    0x08003372   0x08003372   0x0000001a   Code   RO         1241    x$fpl$fpinit        fz_wm.l(fpinit.o)
    0x0800338c   0x0800338c   0x0000000a   Code   RO         1096    x$fpl$fretinf       fz_wm.l(fretinf.o)
    0x08003396   0x08003396   0x00000004   Code   RO         1074    x$fpl$printf1       fz_wm.l(printf1.o)
    0x0800339a   0x0800339a   0x00000000   Code   RO         1098    x$fpl$usenofp       fz_wm.l(usenofp.o)
    0x0800339a   0x0800339a   0x00000002   PAD
    0x0800339c   0x0800339c   0x00000094   Data   RO         1128    .constdata          c_w.l(bigflt0.o)
    0x08003430   0x08003430   0x00000010   Data   RO         1017    .rodata.AHBPrescTable  system_stm32f4xx.o
    0x08003440   0x08003440   0x00000008   Data   RO         1018    .rodata.APBPrescTable  system_stm32f4xx.o
    0x08003448   0x08003448   0x00000020   Data   RO         1317    Region$$Table       anon$$obj.o
    0x08003468   0x08003468   0x0000001c   Data   RO         1154    locale$$data        c_w.l(lc_numeric_c.o)


    Execution Region RW_IRAM1 (Exec base: 0x20000000, Load base: 0x08003488, Size: 0x000007b8, Max: 0x00018000, ABSOLUTE)

    Exec Addr    Load Addr    Size         Type   Attr      Idx    E Section Name        Object

    0x20000000   0x08003488   0x00000008   Data   RW          538    .data..L_MergedGlobals  stm32f4xx_hal.o
    0x20000008   0x08003490   0x00000004   Data   RW         1016    .data.SystemCoreClock  system_stm32f4xx.o
    0x2000000c   0x08003494   0x00000004   PAD
    0x20000010        -       0x00000060   Zero   RW         1162    .bss                c_w.l(libspace.o)
    0x20000070        -       0x0000004c   Zero   RW           23    .bss..L_MergedGlobals  main.o
    0x200000bc        -       0x00000064   Zero   RW           20    .bss.buffer         main.o
    0x20000120        -       0x00000048   Zero   RW           19    .bss.hadc1          main.o
    0x20000168        -       0x00000048   Zero   RW           21    .bss.htim3          main.o
    0x200001b0        -       0x00000004   Zero   RW          537    .bss.uwTick         stm32f4xx_hal.o
    0x200001b4   0x08003494   0x00000004   PAD
    0x200001b8        -       0x00000200   Zero   RW            2    HEAP                startup_stm32f401xe.o
    0x200003b8        -       0x00000400   Zero   RW            1    STACK               startup_stm32f401xe.o


==============================================================================

Image component sizes


      Code (inc. data)   RO Data    RW Data    ZI Data      Debug   Object Name

       786         20          0          0        320      10174   main.o
        64         26        404          0       1536        876   startup_stm32f401xe.o
       164          0          0          8          4       6884   stm32f4xx_hal.o
      1194          0          0          0          0      11464   stm32f4xx_hal_adc.o
       194          0          0          0          0      10012   stm32f4xx_hal_cortex.o
       452          0          0          0          0       5366   stm32f4xx_hal_gpio.o
       340          0          0          0          0       9882   stm32f4xx_hal_msp.o
      1424          0          0          0          0       7495   stm32f4xx_hal_rcc.o
      1236          0          0          0          0      55951   stm32f4xx_hal_tim.o
       148          0          0          0          0      21093   stm32f4xx_hal_tim_ex.o
       958          0          0          0          0      32016   stm32f4xx_hal_uart.o
        32          0          0          0          0       4479   stm32f4xx_it.o
        18          0         24          4          0       2719   system_stm32f4xx.o

    ----------------------------------------------------------------------
      7070         46        460         12       1868     178411   Object Totals
         0          0         32          0          0          0   (incl. Generated)
        60          0          0          0          8          0   (incl. Padding)

    ----------------------------------------------------------------------

      Code (inc. data)   RO Data    RW Data    ZI Data      Debug   Library Member Name

         8          0          0          0          0         68   __main.o
       284          0          0          0          0        156   __printf_wp.o
         0          0          0          0          0          0   __rtentry.o
        12          0          0          0          0          0   __rtentry2.o
         6          0          0          0          0          0   __rtentry4.o
        52          8          0          0          0          0   __scatter.o
        26          0          0          0          0          0   __scatter_copy.o
        28          0          0          0          0          0   __scatter_zi.o
        48          6          0          0          0         96   _printf_char_common.o
         6          0          0          0          0          0   _printf_f.o
      1052          0          0          0          0        148   _printf_fp_dec.o
       128         16          0          0          0         84   _printf_fp_infnan.o
        78          0          0          0          0        108   _printf_pad.o
         0          0          0          0          0          0   _printf_percent.o
         4          0          0          0          0          0   _printf_percent_end.o
        10          0          0          0          0         68   _sputc.o
       228          4        148          0          0         96   bigflt0.o
      1936        128          0          0          0        668   btod.o
        18          0          0          0          0         80   exit.o
         6          0          0          0          0        152   heapauxi.o
         0          0          0          0          0          0   indicate_semi.o
        44         10         28          0          0         76   lc_numeric_c.o
         2          0          0          0          0          0   libinit.o
        22          0          0          0          0          0   libinit2.o
         2          0          0          0          0          0   libshutdown.o
         2          0          0          0          0          0   libshutdown2.o
         8          4          0          0         96         68   libspace.o
       138          0          0          0          0         80   lludiv10.o
       240          0          0          0          0        100   lludivv7m.o
        40          6          0          0          0         84   noretval__2sprintf.o
         8          4          0          0          0         68   rt_locale_intlibspace.o
        78          0          0          0          0         80   rt_memclr_w.o
         2          0          0          0          0          0   rtexit.o
        10          0          0          0          0          0   rtexit2.o
       124          0          0          0          0         88   strcmpv7em.o
        62          0          0          0          0         76   strlen.o
        12          4          0          0          0         68   sys_exit.o
        74          0          0          0          0         80   sys_stackheap_outer.o
         2          0          0          0          0         68   use_no_semi.o
        98          4          0          0          0        140   d2f.o
       340         12          0          0          0        152   dmul.o
       156          4          0          0          0        140   dnaninf.o
        12          0          0          0          0        116   dretinf.o
        86          4          0          0          0        132   f2d.o
       140          4          0          0          0        132   fnaninf.o
        26          0          0          0          0        116   fpinit.o
        10          0          0          0          0        116   fretinf.o
         4          0          0          0          0        116   printf1.o
         0          0          0          0          0          0   usenofp.o
        48          0          0          0          0        124   fpclassify.o

    ----------------------------------------------------------------------
      5738        218        176          0         96       3944   Library Totals
        18          0          0          0          0          0   (incl. Padding)

    ----------------------------------------------------------------------

      Code (inc. data)   RO Data    RW Data    ZI Data      Debug   Library Name

      4800        190        176          0         96       2660   c_w.l
       872         28          0          0          0       1160   fz_wm.l
        48          0          0          0          0        124   m_wm.l

    ----------------------------------------------------------------------
      5738        218        176          0         96       3944   Library Totals

    ----------------------------------------------------------------------

==============================================================================


      Code (inc. data)   RO Data    RW Data    ZI Data      Debug   

     12808        264        636         12       1964     179931   Grand Totals
     12808        264        636         12       1964     179931   ELF Image Totals
     12808        264        636         12          0          0   ROM Totals

==============================================================================

    Total RO  Size (Code + RO Data)                13444 (  13.13kB)
    Total RW  Size (RW Data + ZI Data)              1976 (   1.93kB)
    Total ROM Size (Code + RO Data + RW Data)      13456 (  13.14kB)

==============================================================================

